Sep  8 09:57:56 cu-cs-vm rsyslogd: [origin software="rsyslogd" swVersion="8.16.0" x-pid="823" x-info="http://www.rsyslog.com"] rsyslogd was HUPed
Sep  8 09:58:29 cu-cs-vm anacron[841]: Job `cron.daily' terminated
Sep  8 09:58:29 cu-cs-vm anacron[841]: Normal exit (1 job run)
Sep  8 10:02:55 cu-cs-vm uptimed: moving up to position 14: 0 days, 00:10:16
Sep  8 10:04:22 cu-cs-vm dhclient[963]: DHCPREQUEST of 192.168.136.131 on ens34 to 192.168.136.254 port 67 (xid=0x7428d591)
Sep  8 10:04:22 cu-cs-vm dhclient[963]: DHCPACK of 192.168.136.131 from 192.168.136.254
Sep  8 10:04:22 cu-cs-vm NetworkManager[821]: <info>  [1536422662.6150]   address 192.168.136.131
Sep  8 10:04:22 cu-cs-vm NetworkManager[821]: <info>  [1536422662.6196]   plen 24 (255.255.255.0)
Sep  8 10:04:22 cu-cs-vm NetworkManager[821]: <info>  [1536422662.6204]   gateway 192.168.136.2
Sep  8 10:04:22 cu-cs-vm NetworkManager[821]: <info>  [1536422662.6205]   server identifier 192.168.136.254
Sep  8 10:04:22 cu-cs-vm NetworkManager[821]: <info>  [1536422662.6206]   lease time 1800
Sep  8 10:04:22 cu-cs-vm NetworkManager[821]: <info>  [1536422662.6207]   nameserver '192.168.136.2'
Sep  8 10:04:22 cu-cs-vm NetworkManager[821]: <info>  [1536422662.6208]   domain name 'localdomain'
Sep  8 10:04:22 cu-cs-vm dbus[800]: [system] Activating via systemd: service name='org.freedesktop.nm_dispatcher' unit='dbus-org.freedesktop.nm-dispatcher.service'
Sep  8 10:04:22 cu-cs-vm NetworkManager[821]: <info>  [1536422662.6209]   wins '192.168.136.2'
Sep  8 10:04:22 cu-cs-vm NetworkManager[821]: <info>  [1536422662.6210] dhcp4 (ens34): state changed bound -> bound
Sep  8 10:04:22 cu-cs-vm systemd[1]: Starting Network Manager Script Dispatcher Service...
Sep  8 10:04:22 cu-cs-vm dhclient[963]: bound to 192.168.136.131 -- renewal in 737 seconds.
Sep  8 10:04:22 cu-cs-vm systemd[1]: Started Network Manager Script Dispatcher Service.
Sep  8 10:04:22 cu-cs-vm dbus[800]: [system] Successfully activated service 'org.freedesktop.nm_dispatcher'
Sep  8 10:04:22 cu-cs-vm nm-dispatcher: req:1 'dhcp4-change' [ens34]: new request (1 scripts)
Sep  8 10:04:22 cu-cs-vm nm-dispatcher: req:1 'dhcp4-change' [ens34]: start running ordered scripts...
Sep  8 10:07:54 cu-cs-vm systemd[1]: Starting Cleanup of Temporary Directories...
Sep  8 10:07:54 cu-cs-vm systemd-tmpfiles[4484]: [/usr/lib/tmpfiles.d/var.conf:14] Duplicate line for path "/var/log", ignoring.
Sep  8 10:07:54 cu-cs-vm systemd[1]: Started Cleanup of Temporary Directories.
Sep  8 10:12:55 cu-cs-vm uptimed: moving up to position 9: 0 days, 00:20:16
Sep  8 10:16:39 cu-cs-vm dhclient[963]: DHCPREQUEST of 192.168.136.131 on ens34 to 192.168.136.254 port 67 (xid=0x7428d591)
Sep  8 10:16:39 cu-cs-vm dhclient[963]: DHCPACK of 192.168.136.131 from 192.168.136.254
Sep  8 10:16:39 cu-cs-vm NetworkManager[821]: <info>  [1536423399.5653]   address 192.168.136.131
Sep  8 10:16:39 cu-cs-vm NetworkManager[821]: <info>  [1536423399.5663]   plen 24 (255.255.255.0)
Sep  8 10:16:39 cu-cs-vm NetworkManager[821]: <info>  [1536423399.5672]   gateway 192.168.136.2
Sep  8 10:16:39 cu-cs-vm NetworkManager[821]: <info>  [1536423399.5673]   server identifier 192.168.136.254
Sep  8 10:16:39 cu-cs-vm NetworkManager[821]: <info>  [1536423399.5674]   lease time 1800
Sep  8 10:16:39 cu-cs-vm NetworkManager[821]: <info>  [1536423399.5676]   nameserver '192.168.136.2'
Sep  8 10:16:39 cu-cs-vm dbus[800]: [system] Activating via systemd: service name='org.freedesktop.nm_dispatcher' unit='dbus-org.freedesktop.nm-dispatcher.service'
Sep  8 10:16:39 cu-cs-vm NetworkManager[821]: <info>  [1536423399.5677]   domain name 'localdomain'
Sep  8 10:16:39 cu-cs-vm NetworkManager[821]: <info>  [1536423399.5680]   wins '192.168.136.2'
Sep  8 10:16:39 cu-cs-vm NetworkManager[821]: <info>  [1536423399.5681] dhcp4 (ens34): state changed bound -> bound
Sep  8 10:16:39 cu-cs-vm systemd[1]: Starting Network Manager Script Dispatcher Service...
Sep  8 10:16:39 cu-cs-vm dhclient[963]: bound to 192.168.136.131 -- renewal in 747 seconds.
Sep  8 10:16:39 cu-cs-vm dbus[800]: [system] Successfully activated service 'org.freedesktop.nm_dispatcher'
Sep  8 10:16:39 cu-cs-vm nm-dispatcher: req:1 'dhcp4-change' [ens34]: new request (1 scripts)
Sep  8 10:16:39 cu-cs-vm systemd[1]: Started Network Manager Script Dispatcher Service.
Sep  8 10:16:39 cu-cs-vm nm-dispatcher: req:1 'dhcp4-change' [ens34]: start running ordered scripts...
Sep  8 10:17:01 cu-cs-vm CRON[5136]: (root) CMD (   cd / && run-parts --report /etc/cron.hourly)
Sep  8 10:22:06 cu-cs-vm os-prober: debug: /dev/sda2: DOS extended partition; skipping
Sep  8 10:22:06 cu-cs-vm os-prober: debug: /dev/sda5: is active swap
Sep  8 10:22:12 cu-cs-vm systemd[1]: Closed Load/Save RF Kill Switch Status /dev/rfkill Watch.
Sep  8 10:22:12 cu-cs-vm systemd[1]: Stopped target Sound Card.
Sep  8 10:22:12 cu-cs-vm systemd[1]: Stopped target Graphical Interface.
Sep  8 10:22:12 cu-cs-vm systemd[1]: Stopping Accounts Service...
Sep  8 10:22:12 cu-cs-vm thermald[805]: Terminating ...
Sep  8 10:22:12 cu-cs-vm systemd[1]: Stopped target Multi-User System.
Sep  8 10:22:12 cu-cs-vm systemd[1]: Stopping Thermal Daemon Service...
Sep  8 10:22:13 cu-cs-vm rsyslogd: [origin software="rsyslogd" swVersion="8.16.0" x-pid="823" x-info="http://www.rsyslog.com"] exiting on signal 15.
Sep  8 10:23:00 cu-cs-vm rsyslogd: [origin software="rsyslogd" swVersion="8.16.0" x-pid="810" x-info="http://www.rsyslog.com"] start
Sep  8 10:23:00 cu-cs-vm rsyslogd-2222: command 'KLogPermitNonKernelFacility' is currently not permitted - did you already set it via a RainerScript command (v6+ config)? [v8.16.0 try http://www.rsyslog.com/e/2222 ]
Sep  8 10:23:00 cu-cs-vm rsyslogd: rsyslogd's groupid changed to 108
Sep  8 10:23:00 cu-cs-vm rsyslogd: rsyslogd's userid changed to 104
Sep  8 10:23:00 cu-cs-vm rsyslogd-2039: Could not open output pipe '/dev/xconsole':: No such file or directory [v8.16.0 try http://www.rsyslog.com/e/2039 ]
Sep  8 10:23:00 cu-cs-vm rsyslogd-2007: action 'action 10' suspended, next retry is Sat Sep  8 10:23:30 2018 [v8.16.0 try http://www.rsyslog.com/e/2007 ]
Sep  8 10:23:00 cu-cs-vm kernel: [    0.000000] Linux version 4.15.18version5 (root@cu-cs-vm) (gcc version 5.4.0 20160609 (Ubuntu 5.4.0-6ubuntu1~16.04.10)) #17 SMP Sat Sep 8 10:18:18 MDT 2018 (Ubuntu 4.15.0-33.36~16.04.1-generic 4.15.18)
Sep  8 10:23:00 cu-cs-vm kernel: [    0.000000] Command line: BOOT_IMAGE=/boot/vmlinuz-4.15.18version5 root=UUID=a7adc8c1-e02a-478b-93ad-c06e060e0176 ro
Sep  8 10:23:00 cu-cs-vm kernel: [    0.000000] KERNEL supported cpus:
Sep  8 10:23:00 cu-cs-vm kernel: [    0.000000]   Intel GenuineIntel
Sep  8 10:23:00 cu-cs-vm kernel: [    0.000000]   AMD AuthenticAMD
Sep  8 10:23:00 cu-cs-vm kernel: [    0.000000]   Centaur CentaurHauls
Sep  8 10:23:00 cu-cs-vm kernel: [    0.000000] Disabled fast string operations
Sep  8 10:23:00 cu-cs-vm kernel: [    0.000000] x86/fpu: Supporting XSAVE feature 0x001: 'x87 floating point registers'
Sep  8 10:23:00 cu-cs-vm kernel: [    0.000000] x86/fpu: Supporting XSAVE feature 0x002: 'SSE registers'
Sep  8 10:23:00 cu-cs-vm kernel: [    0.000000] x86/fpu: Supporting XSAVE feature 0x004: 'AVX registers'
Sep  8 10:23:00 cu-cs-vm kernel: [    0.000000] x86/fpu: xstate_offset[2]:  576, xstate_sizes[2]:  256
Sep  8 10:23:00 cu-cs-vm kernel: [    0.000000] x86/fpu: Enabled xstate features 0x7, context size is 832 bytes, using 'standard' format.
Sep  8 10:23:00 cu-cs-vm kernel: [    0.000000] e820: BIOS-provided physical RAM map:
Sep  8 10:23:00 cu-cs-vm kernel: [    0.000000] BIOS-e820: [mem 0x0000000000000000-0x000000000009e7ff] usable
Sep  8 10:23:00 cu-cs-vm kernel: [    0.000000] BIOS-e820: [mem 0x000000000009e800-0x000000000009ffff] reserved
Sep  8 10:23:00 cu-cs-vm kernel: [    0.000000] BIOS-e820: [mem 0x00000000000dc000-0x00000000000fffff] reserved
Sep  8 10:23:00 cu-cs-vm kernel: [    0.000000] BIOS-e820: [mem 0x0000000000100000-0x00000000bfedffff] usable
Sep  8 10:23:00 cu-cs-vm kernel: [    0.000000] BIOS-e820: [mem 0x00000000bfee0000-0x00000000bfefefff] ACPI data
Sep  8 10:23:00 cu-cs-vm kernel: [    0.000000] BIOS-e820: [mem 0x00000000bfeff000-0x00000000bfefffff] ACPI NVS
Sep  8 10:23:00 cu-cs-vm kernel: [    0.000000] BIOS-e820: [mem 0x00000000bff00000-0x00000000bfffffff] usable
Sep  8 10:23:00 cu-cs-vm kernel: [    0.000000] BIOS-e820: [mem 0x00000000f0000000-0x00000000f7ffffff] reserved
Sep  8 10:23:00 cu-cs-vm kernel: [    0.000000] BIOS-e820: [mem 0x00000000fec00000-0x00000000fec0ffff] reserved
Sep  8 10:23:00 cu-cs-vm kernel: [    0.000000] BIOS-e820: [mem 0x00000000fee00000-0x00000000fee00fff] reserved
Sep  8 10:23:00 cu-cs-vm kernel: [    0.000000] BIOS-e820: [mem 0x00000000fffe0000-0x00000000ffffffff] reserved
Sep  8 10:23:00 cu-cs-vm kernel: [    0.000000] NX (Execute Disable) protection: active
Sep  8 10:23:00 cu-cs-vm kernel: [    0.000000] SMBIOS 2.4 present.
Sep  8 10:23:00 cu-cs-vm kernel: [    0.000000] DMI: VMware, Inc. VMware Virtual Platform/440BX Desktop Reference Platform, BIOS 6.00 07/02/2015
Sep  8 10:23:00 cu-cs-vm kernel: [    0.000000] Hypervisor detected: VMware
Sep  8 10:23:00 cu-cs-vm kernel: [    0.000000] vmware: TSC freq read from hypervisor : 2303.999 MHz
Sep  8 10:23:00 cu-cs-vm kernel: [    0.000000] vmware: Host bus clock speed read from hypervisor : 66000000 Hz
Sep  8 10:23:00 cu-cs-vm kernel: [    0.000000] vmware: using sched offset of 27333860941 ns
Sep  8 10:23:00 cu-cs-vm kernel: [    0.000000] e820: update [mem 0x00000000-0x00000fff] usable ==> reserved
Sep  8 10:23:00 cu-cs-vm kernel: [    0.000000] e820: remove [mem 0x000a0000-0x000fffff] usable
Sep  8 10:23:00 cu-cs-vm kernel: [    0.000000] e820: last_pfn = 0xc0000 max_arch_pfn = 0x400000000
Sep  8 10:23:00 cu-cs-vm kernel: [    0.000000] MTRR default type: uncachable
Sep  8 10:23:00 cu-cs-vm kernel: [    0.000000] MTRR fixed ranges enabled:
Sep  8 10:23:00 cu-cs-vm kernel: [    0.000000]   00000-9FFFF write-back
Sep  8 10:23:00 cu-cs-vm kernel: [    0.000000]   A0000-BFFFF uncachable
Sep  8 10:23:00 cu-cs-vm kernel: [    0.000000]   C0000-C7FFF write-protect
Sep  8 10:23:00 cu-cs-vm kernel: [    0.000000]   C8000-CBFFF write-back
Sep  8 10:23:00 cu-cs-vm kernel: [    0.000000]   CC000-EFFFF uncachable
Sep  8 10:23:00 cu-cs-vm kernel: [    0.000000]   F0000-FFFFF write-protect
Sep  8 10:23:00 cu-cs-vm kernel: [    0.000000] MTRR variable ranges enabled:
Sep  8 10:23:00 cu-cs-vm kernel: [    0.000000]   0 base 000C0000000 mask 3FFC0000000 uncachable
Sep  8 10:23:00 cu-cs-vm kernel: [    0.000000]   1 base 00000000000 mask 3FF00000000 write-back
Sep  8 10:23:00 cu-cs-vm kernel: [    0.000000]   2 disabled
Sep  8 10:23:00 cu-cs-vm kernel: [    0.000000]   3 disabled
Sep  8 10:23:00 cu-cs-vm kernel: [    0.000000]   4 disabled
Sep  8 10:23:00 cu-cs-vm systemd-modules-load[319]: Inserted module 'lp'
Sep  8 10:23:00 cu-cs-vm systemd-modules-load[319]: Inserted module 'ppdev'
Sep  8 10:23:00 cu-cs-vm loadkeys[320]: Loading /etc/console-setup/cached.kmap.gz
Sep  8 10:23:00 cu-cs-vm systemd-modules-load[319]: Inserted module 'parport_pc'
Sep  8 10:23:00 cu-cs-vm systemd-modules-load[319]: Module 'fuse' is builtin
Sep  8 10:23:00 cu-cs-vm systemd[1]: Starting Flush Journal to Persistent Storage...
Sep  8 10:23:00 cu-cs-vm systemd[1]: Started Tell Plymouth To Write Out Runtime Data.
Sep  8 10:23:00 cu-cs-vm systemd[1]: proc-sys-fs-binfmt_misc.automount: Got automount request for /proc/sys/fs/binfmt_misc, triggered by 398 (update-binfmts)
Sep  8 10:23:00 cu-cs-vm systemd[1]: Mounting Arbitrary Executable File Formats File System...
Sep  8 10:23:00 cu-cs-vm systemd[1]: Started Flush Journal to Persistent Storage.
Sep  8 10:23:00 cu-cs-vm systemd[1]: Mounted Arbitrary Executable File Formats File System.
Sep  8 10:23:00 cu-cs-vm systemd[1]: Starting Create Volatile Files and Directories...
Sep  8 10:23:00 cu-cs-vm systemd-tmpfiles[429]: [/usr/lib/tmpfiles.d/var.conf:14] Duplicate line for path "/var/log", ignoring.
Sep  8 10:23:00 cu-cs-vm systemd[1]: Started Enable support for additional executable binary formats.
Sep  8 10:23:00 cu-cs-vm systemd[1]: Started udev Coldplug all Devices.
Sep  8 10:23:00 cu-cs-vm systemd[1]: Started Dispatch Password Requests to Console Directory Watch.
Sep  8 10:23:00 cu-cs-vm systemd[1]: Started Create Volatile Files and Directories.
Sep  8 10:23:00 cu-cs-vm apparmor[393]:  * Starting AppArmor profiles
Sep  8 10:23:00 cu-cs-vm systemd[1]: Starting Update UTMP about System Boot/Shutdown...
Sep  8 10:23:00 cu-cs-vm systemd[1]: Starting Network Time Synchronization...
Sep  8 10:23:00 cu-cs-vm systemd[1]: Started Network Time Synchronization.
Sep  8 10:23:00 cu-cs-vm systemd[1]: Reached target System Time Synchronized.
Sep  8 10:23:00 cu-cs-vm systemd[1]: Started Update UTMP about System Boot/Shutdown.
Sep  8 10:23:00 cu-cs-vm systemd[1]: Started Set console font and keymap.
Sep  8 10:23:00 cu-cs-vm systemd[1]: Created slice system-getty.slice.
Sep  8 10:23:00 cu-cs-vm apparmor[393]: Skipping profile in /etc/apparmor.d/disable: usr.bin.firefox
Sep  8 10:23:00 cu-cs-vm systemd[1]: Time has been changed
Sep  8 10:23:00 cu-cs-vm apparmor[393]: Skipping profile in /etc/apparmor.d/disable: usr.sbin.rsyslogd
Sep  8 10:23:00 cu-cs-vm apparmor[393]:    ...done.
Sep  8 10:23:00 cu-cs-vm systemd[1]: Started LSB: AppArmor initialization.
Sep  8 10:23:00 cu-cs-vm systemd[1]: Starting Raise network interfaces...
Sep  8 10:23:00 cu-cs-vm mtp-probe: checking bus 2, device 2: "/sys/devices/pci0000:00/0000:00:11.0/0000:02:00.0/usb2/2-1"
Sep  8 10:23:00 cu-cs-vm mtp-probe: bus: 2, device: 2 was not an MTP device
Sep  8 10:23:00 cu-cs-vm systemd[1]: Listening on Load/Save RF Kill Switch Status /dev/rfkill Watch.
Sep  8 10:23:00 cu-cs-vm systemd[1]: Started Raise network interfaces.
Sep  8 10:23:00 cu-cs-vm systemd[1]: Found device VMware_Virtual_S 5.
Sep  8 10:23:00 cu-cs-vm systemd[1]: Activating swap /dev/disk/by-uuid/4f6f25d8-6004-459b-b46c-f0f3c3d0de9b...
Sep  8 10:23:00 cu-cs-vm systemd[1]: Activated swap /dev/disk/by-uuid/4f6f25d8-6004-459b-b46c-f0f3c3d0de9b.
Sep  8 10:23:00 cu-cs-vm systemd[1]: Reached target Swap.
Sep  8 10:23:00 cu-cs-vm systemd[1]: Reached target System Initialization.
Sep  8 10:23:00 cu-cs-vm systemd[1]: Started ACPI Events Check.
Sep  8 10:23:00 cu-cs-vm systemd[1]: Listening on UUID daemon activation socket.
Sep  8 10:23:00 cu-cs-vm systemd[1]: Starting Socket activation for snappy daemon.
Sep  8 10:23:00 cu-cs-vm systemd[1]: Started Daily Cleanup of Temporary Directories.
Sep  8 10:23:00 cu-cs-vm systemd[1]: Started CUPS Scheduler.
Sep  8 10:23:00 cu-cs-vm systemd[1]: Reached target Paths.
Sep  8 10:23:00 cu-cs-vm systemd[1]: Started Daily apt download activities.
Sep  8 10:23:00 cu-cs-vm systemd[1]: Started Daily apt upgrade and clean activities.
Sep  8 10:23:00 cu-cs-vm systemd[1]: Listening on Avahi mDNS/DNS-SD Stack Activation Socket.
Sep  8 10:23:00 cu-cs-vm systemd[1]: Listening on CUPS Scheduler.
Sep  8 10:23:00 cu-cs-vm systemd[1]: Listening on ACPID Listen Socket.
Sep  8 10:23:00 cu-cs-vm systemd[1]: Reached target Timers.
Sep  8 10:23:00 cu-cs-vm systemd[1]: Listening on D-Bus System Message Bus Socket.
Sep  8 10:23:00 cu-cs-vm systemd[1]: Listening on Socket activation for snappy daemon.
Sep  8 10:23:00 cu-cs-vm systemd[1]: Reached target Sockets.
Sep  8 10:23:00 cu-cs-vm systemd[1]: Reached target Basic System.
Sep  8 10:23:00 cu-cs-vm systemd[1]: Starting Accounts Service...
Sep  8 10:23:00 cu-cs-vm systemd[1]: Started Run anacron jobs.
Sep  8 10:23:00 cu-cs-vm systemd[1]: Starting LSB: Execute the kexec -e command to reboot system...
Sep  8 10:23:00 cu-cs-vm systemd[1]: Starting Avahi mDNS/DNS-SD Stack...
Sep  8 10:23:00 cu-cs-vm systemd[1]: Started uptime record daemon.
Sep  8 10:23:00 cu-cs-vm systemd[1]: Starting Thermal Daemon Service...
Sep  8 10:23:00 cu-cs-vm systemd[1]: Started CUPS Scheduler.
Sep  8 10:23:00 cu-cs-vm systemd[1]: Starting Initialize hardware monitoring sensors...
Sep  8 10:23:00 cu-cs-vm systemd[1]: Started Authentication service for virtual machines hosted on VMware.
Sep  8 10:23:00 cu-cs-vm systemd[1]: Starting LSB: Set the CPU Frequency Scaling governor to "ondemand"...
Sep  8 10:23:00 cu-cs-vm systemd[1]: Starting Detect the available GPUs and deal with any system changes...
Sep  8 10:23:00 cu-cs-vm anacron[795]: Anacron 2.3 started on 2018-09-08
Sep  8 10:23:00 cu-cs-vm avahi-daemon[797]: Found user 'avahi' (UID 111) and group 'avahi' (GID 120).
Sep  8 10:23:00 cu-cs-vm avahi-daemon[797]: Successfully dropped root privileges.
Sep  8 10:23:00 cu-cs-vm avahi-daemon[797]: avahi-daemon 0.6.32-rc starting up.
Sep  8 10:23:00 cu-cs-vm systemd[1]: Starting Snappy daemon...
Sep  8 10:23:00 cu-cs-vm anacron[795]: Normal exit (0 jobs run)
Sep  8 10:23:00 cu-cs-vm systemd[1]: Starting System Logging Service...
Sep  8 10:23:00 cu-cs-vm systemd[1]: Starting Restore /etc/resolv.conf if the system crashed before the ppp link was shut down...
Sep  8 10:23:00 cu-cs-vm systemd[1]: Starting LSB: Record successful boot for GRUB...
Sep  8 10:23:00 cu-cs-vm systemd[1]: Starting LSB: daemon to balance interrupts for SMP systems...
Sep  8 10:23:00 cu-cs-vm gpu-manager[806]: /etc/modprobe.d is not a file
Sep  8 10:23:00 cu-cs-vm gpu-manager[806]: message repeated 4 times: [ /etc/modprobe.d is not a file]
Sep  8 10:23:00 cu-cs-vm systemd[1]: Started Regular background program processing daemon.
Sep  8 10:23:00 cu-cs-vm systemd[1]: Starting Login Service...
Sep  8 10:23:00 cu-cs-vm systemd[1]: Started ACPI event daemon.
Sep  8 10:23:00 cu-cs-vm VGAuthService[804]: ** Message: Pref_Init: Using '/etc/vmware-tools/vgauth.conf' as preferences filepath
Sep  8 10:23:00 cu-cs-vm gpu-manager[806]: Error: can't open /lib/modules/4.15.18version5/updates/dkms
Sep  8 10:23:00 cu-cs-vm kernel: [    0.000000]   5 disabled
Sep  8 10:23:00 cu-cs-vm gpu-manager[806]: Error: can't open /lib/modules/4.15.18version5/updates/dkms
Sep  8 10:23:00 cu-cs-vm systemd[1]: Starting LSB: automatic crash report generation...
Sep  8 10:23:00 cu-cs-vm VGAuthService[804]: ** Message: Core dump limit set to -1
Sep  8 10:23:00 cu-cs-vm VGAuthService[804]: ** Message: Cannot load message catalog for domain 'VGAuthService', language 'C', catalog dir '.'.
Sep  8 10:23:00 cu-cs-vm VGAuthService[804]: ** Message: INIT SERVICE
Sep  8 10:23:00 cu-cs-vm VGAuthService[804]: ** Message: Using '/var/lib/vmware/VGAuth/aliasStore' for alias store root directory
Sep  8 10:23:00 cu-cs-vm systemd[1]: Started D-Bus System Message Bus.
Sep  8 10:23:00 cu-cs-vm kernel: [    0.000000]   6 disabled
Sep  8 10:23:00 cu-cs-vm kernel: [    0.000000]   7 disabled
Sep  8 10:23:00 cu-cs-vm kernel: [    0.000000] x86/PAT: Configuration [0-7]: WB  WC  UC- UC  WB  WP  UC- WT  
Sep  8 10:23:00 cu-cs-vm kernel: [    0.000000] total RAM covered: 3072M
Sep  8 10:23:00 cu-cs-vm kernel: [    0.000000] Found optimal setting for mtrr clean up
Sep  8 10:23:00 cu-cs-vm kernel: [    0.000000]  gran_size: 64K 	chunk_size: 64K 	num_reg: 2  	lose cover RAM: 0G
Sep  8 10:23:00 cu-cs-vm kernel: [    0.000000] found SMP MP-table at [mem 0x000f6a80-0x000f6a8f] mapped at [        (ptrval)]
Sep  8 10:23:00 cu-cs-vm kernel: [    0.000000] Scanning 1 areas for low memory corruption
Sep  8 10:23:00 cu-cs-vm kernel: [    0.000000] Base memory trampoline at [        (ptrval)] 98000 size 24576
Sep  8 10:23:00 cu-cs-vm kernel: [    0.000000] Using GB pages for direct mapping
Sep  8 10:23:00 cu-cs-vm kernel: [    0.000000] BRK [0x1451c000, 0x1451cfff] PGTABLE
Sep  8 10:23:00 cu-cs-vm kernel: [    0.000000] BRK [0x1451d000, 0x1451dfff] PGTABLE
Sep  8 10:23:00 cu-cs-vm kernel: [    0.000000] BRK [0x1451e000, 0x1451efff] PGTABLE
Sep  8 10:23:00 cu-cs-vm kernel: [    0.000000] BRK [0x1451f000, 0x1451ffff] PGTABLE
Sep  8 10:23:00 cu-cs-vm kernel: [    0.000000] BRK [0x14520000, 0x14520fff] PGTABLE
Sep  8 10:23:00 cu-cs-vm kernel: [    0.000000] BRK [0x14521000, 0x14521fff] PGTABLE
Sep  8 10:23:00 cu-cs-vm kernel: [    0.000000] RAMDISK: [mem 0x34e04000-0x366f9fff]
Sep  8 10:23:00 cu-cs-vm kernel: [    0.000000] ACPI: Early table checksum verification disabled
Sep  8 10:23:00 cu-cs-vm kernel: [    0.000000] ACPI: RSDP 0x00000000000F6A10 000024 (v02 PTLTD )
Sep  8 10:23:00 cu-cs-vm kernel: [    0.000000] ACPI: XSDT 0x00000000BFEEBF24 000054 (v01 INTEL  440BX    06040000 VMW  01324272)
Sep  8 10:23:00 cu-cs-vm kernel: [    0.000000] ACPI: FACP 0x00000000BFEFEE73 0000F4 (v04 INTEL  440BX    06040000 PTL  000F4240)
Sep  8 10:23:00 cu-cs-vm kernel: [    0.000000] ACPI: DSDT 0x00000000BFEED1DD 011C96 (v01 PTLTD  Custom   06040000 MSFT 03000001)
Sep  8 10:23:00 cu-cs-vm kernel: [    0.000000] ACPI: FACS 0x00000000BFEFFFC0 000040
Sep  8 10:23:00 cu-cs-vm kernel: [    0.000000] ACPI: FACS 0x00000000BFEFFFC0 000040
Sep  8 10:23:00 cu-cs-vm kernel: [    0.000000] ACPI: BOOT 0x00000000BFEED1B5 000028 (v01 PTLTD  $SBFTBL$ 06040000  LTP 00000001)
Sep  8 10:23:00 cu-cs-vm kernel: [    0.000000] ACPI: APIC 0x00000000BFEEC8BD 000742 (v01 PTLTD  ? APIC   06040000  LTP 00000000)
Sep  8 10:23:00 cu-cs-vm kernel: [    0.000000] ACPI: MCFG 0x00000000BFEEC881 00003C (v01 PTLTD  $PCITBL$ 06040000  LTP 00000001)
Sep  8 10:23:00 cu-cs-vm kernel: [    0.000000] ACPI: SRAT 0x00000000BFEEC001 000880 (v02 VMWARE MEMPLUG  06040000 VMW  00000001)
Sep  8 10:23:00 cu-cs-vm kernel: [    0.000000] ACPI: WAET 0x00000000BFEEBFB4 000028 (v01 VMWARE VMW WAET 06040000 VMW  00000001)
Sep  8 10:23:00 cu-cs-vm kernel: [    0.000000] ACPI: Local APIC address 0xfee00000
Sep  8 10:23:00 cu-cs-vm kernel: [    0.000000] system APIC only can use physical flat
Sep  8 10:23:00 cu-cs-vm kernel: [    0.000000] Setting APIC routing to physical flat.
Sep  8 10:23:00 cu-cs-vm kernel: [    0.000000] SRAT: PXM 0 -> APIC 0x00 -> Node 0
Sep  8 10:23:00 cu-cs-vm kernel: [    0.000000] SRAT: PXM 0 -> APIC 0x02 -> Node 0
Sep  8 10:23:00 cu-cs-vm kernel: [    0.000000] SRAT: PXM 0 -> APIC 0x04 -> Node 0
Sep  8 10:23:00 cu-cs-vm kernel: [    0.000000] SRAT: PXM 0 -> APIC 0x06 -> Node 0
Sep  8 10:23:00 cu-cs-vm kernel: [    0.000000] SRAT: PXM 0 -> APIC 0x08 -> Node 0
Sep  8 10:23:00 cu-cs-vm kernel: [    0.000000] SRAT: PXM 0 -> APIC 0x0a -> Node 0
Sep  8 10:23:00 cu-cs-vm kernel: [    0.000000] SRAT: PXM 0 -> APIC 0x0c -> Node 0
Sep  8 10:23:00 cu-cs-vm kernel: [    0.000000] SRAT: PXM 0 -> APIC 0x0e -> Node 0
Sep  8 10:23:00 cu-cs-vm kernel: [    0.000000] SRAT: PXM 0 -> APIC 0x10 -> Node 0
Sep  8 10:23:00 cu-cs-vm kernel: [    0.000000] SRAT: PXM 0 -> APIC 0x12 -> Node 0
Sep  8 10:23:00 cu-cs-vm kernel: [    0.000000] SRAT: PXM 0 -> APIC 0x14 -> Node 0
Sep  8 10:23:00 cu-cs-vm kernel: [    0.000000] SRAT: PXM 0 -> APIC 0x16 -> Node 0
Sep  8 10:23:00 cu-cs-vm kernel: [    0.000000] SRAT: PXM 0 -> APIC 0x18 -> Node 0
Sep  8 10:23:00 cu-cs-vm kernel: [    0.000000] SRAT: PXM 0 -> APIC 0x1a -> Node 0
Sep  8 10:23:00 cu-cs-vm kernel: [    0.000000] SRAT: PXM 0 -> APIC 0x1c -> Node 0
Sep  8 10:23:00 cu-cs-vm kernel: [    0.000000] SRAT: PXM 0 -> APIC 0x1e -> Node 0
Sep  8 10:23:00 cu-cs-vm kernel: [    0.000000] SRAT: PXM 0 -> APIC 0x20 -> Node 0
Sep  8 10:23:00 cu-cs-vm kernel: [    0.000000] SRAT: PXM 0 -> APIC 0x22 -> Node 0
Sep  8 10:23:00 cu-cs-vm kernel: [    0.000000] SRAT: PXM 0 -> APIC 0x24 -> Node 0
Sep  8 10:23:00 cu-cs-vm kernel: [    0.000000] SRAT: PXM 0 -> APIC 0x26 -> Node 0
Sep  8 10:23:00 cu-cs-vm kernel: [    0.000000] SRAT: PXM 0 -> APIC 0x28 -> Node 0
Sep  8 10:23:00 cu-cs-vm kernel: [    0.000000] SRAT: PXM 0 -> APIC 0x2a -> Node 0
Sep  8 10:23:00 cu-cs-vm kernel: [    0.000000] SRAT: PXM 0 -> APIC 0x2c -> Node 0
Sep  8 10:23:00 cu-cs-vm kernel: [    0.000000] SRAT: PXM 0 -> APIC 0x2e -> Node 0
Sep  8 10:23:00 cu-cs-vm kernel: [    0.000000] SRAT: PXM 0 -> APIC 0x30 -> Node 0
Sep  8 10:23:00 cu-cs-vm kernel: [    0.000000] SRAT: PXM 0 -> APIC 0x32 -> Node 0
Sep  8 10:23:00 cu-cs-vm kernel: [    0.000000] SRAT: PXM 0 -> APIC 0x34 -> Node 0
Sep  8 10:23:00 cu-cs-vm kernel: [    0.000000] SRAT: PXM 0 -> APIC 0x36 -> Node 0
Sep  8 10:23:00 cu-cs-vm kernel: [    0.000000] SRAT: PXM 0 -> APIC 0x38 -> Node 0
Sep  8 10:23:00 cu-cs-vm kernel: [    0.000000] SRAT: PXM 0 -> APIC 0x3a -> Node 0
Sep  8 10:23:00 cu-cs-vm kernel: [    0.000000] SRAT: PXM 0 -> APIC 0x3c -> Node 0
Sep  8 10:23:00 cu-cs-vm kernel: [    0.000000] SRAT: PXM 0 -> APIC 0x3e -> Node 0
Sep  8 10:23:00 cu-cs-vm kernel: [    0.000000] SRAT: PXM 0 -> APIC 0x40 -> Node 0
Sep  8 10:23:00 cu-cs-vm kernel: [    0.000000] SRAT: PXM 0 -> APIC 0x42 -> Node 0
Sep  8 10:23:00 cu-cs-vm kernel: [    0.000000] SRAT: PXM 0 -> APIC 0x44 -> Node 0
Sep  8 10:23:00 cu-cs-vm kernel: [    0.000000] SRAT: PXM 0 -> APIC 0x46 -> Node 0
Sep  8 10:23:00 cu-cs-vm kernel: [    0.000000] SRAT: PXM 0 -> APIC 0x48 -> Node 0
Sep  8 10:23:00 cu-cs-vm kernel: [    0.000000] SRAT: PXM 0 -> APIC 0x4a -> Node 0
Sep  8 10:23:00 cu-cs-vm kernel: [    0.000000] SRAT: PXM 0 -> APIC 0x4c -> Node 0
Sep  8 10:23:00 cu-cs-vm kernel: [    0.000000] SRAT: PXM 0 -> APIC 0x4e -> Node 0
Sep  8 10:23:00 cu-cs-vm kernel: [    0.000000] SRAT: PXM 0 -> APIC 0x50 -> Node 0
Sep  8 10:23:00 cu-cs-vm kernel: [    0.000000] SRAT: PXM 0 -> APIC 0x52 -> Node 0
Sep  8 10:23:00 cu-cs-vm kernel: [    0.000000] SRAT: PXM 0 -> APIC 0x54 -> Node 0
Sep  8 10:23:00 cu-cs-vm kernel: [    0.000000] SRAT: PXM 0 -> APIC 0x56 -> Node 0
Sep  8 10:23:00 cu-cs-vm kernel: [    0.000000] SRAT: PXM 0 -> APIC 0x58 -> Node 0
Sep  8 10:23:00 cu-cs-vm kernel: [    0.000000] SRAT: PXM 0 -> APIC 0x5a -> Node 0
Sep  8 10:23:00 cu-cs-vm kernel: [    0.000000] SRAT: PXM 0 -> APIC 0x5c -> Node 0
Sep  8 10:23:00 cu-cs-vm kernel: [    0.000000] SRAT: PXM 0 -> APIC 0x5e -> Node 0
Sep  8 10:23:00 cu-cs-vm kernel: [    0.000000] SRAT: PXM 0 -> APIC 0x60 -> Node 0
Sep  8 10:23:00 cu-cs-vm kernel: [    0.000000] SRAT: PXM 0 -> APIC 0x62 -> Node 0
Sep  8 10:23:00 cu-cs-vm kernel: [    0.000000] SRAT: PXM 0 -> APIC 0x64 -> Node 0
Sep  8 10:23:00 cu-cs-vm kernel: [    0.000000] SRAT: PXM 0 -> APIC 0x66 -> Node 0
Sep  8 10:23:00 cu-cs-vm kernel: [    0.000000] SRAT: PXM 0 -> APIC 0x68 -> Node 0
Sep  8 10:23:00 cu-cs-vm kernel: [    0.000000] SRAT: PXM 0 -> APIC 0x6a -> Node 0
Sep  8 10:23:00 cu-cs-vm kernel: [    0.000000] SRAT: PXM 0 -> APIC 0x6c -> Node 0
Sep  8 10:23:00 cu-cs-vm kernel: [    0.000000] SRAT: PXM 0 -> APIC 0x6e -> Node 0
Sep  8 10:23:00 cu-cs-vm kernel: [    0.000000] SRAT: PXM 0 -> APIC 0x70 -> Node 0
Sep  8 10:23:00 cu-cs-vm kernel: [    0.000000] SRAT: PXM 0 -> APIC 0x72 -> Node 0
Sep  8 10:23:00 cu-cs-vm kernel: [    0.000000] SRAT: PXM 0 -> APIC 0x74 -> Node 0
Sep  8 10:23:00 cu-cs-vm kernel: [    0.000000] SRAT: PXM 0 -> APIC 0x76 -> Node 0
Sep  8 10:23:00 cu-cs-vm kernel: [    0.000000] SRAT: PXM 0 -> APIC 0x78 -> Node 0
Sep  8 10:23:00 cu-cs-vm kernel: [    0.000000] SRAT: PXM 0 -> APIC 0x7a -> Node 0
Sep  8 10:23:00 cu-cs-vm VGAuthService[804]: ** Message: LoadCatalogAndSchema: Using '/etc/vmware-tools/vgauth/schemas' for SAML schemas
Sep  8 10:23:00 cu-cs-vm kernel: [    0.000000] SRAT: PXM 0 -> APIC 0x7c -> Node 0
Sep  8 10:23:00 cu-cs-vm kernel: [    0.000000] SRAT: PXM 0 -> APIC 0x7e -> Node 0
Sep  8 10:23:00 cu-cs-vm kernel: [    0.000000] SRAT: PXM 0 -> APIC 0x80 -> Node 0
Sep  8 10:23:00 cu-cs-vm kernel: [    0.000000] SRAT: PXM 0 -> APIC 0x82 -> Node 0
Sep  8 10:23:00 cu-cs-vm kernel: [    0.000000] SRAT: PXM 0 -> APIC 0x84 -> Node 0
Sep  8 10:23:00 cu-cs-vm kernel: [    0.000000] SRAT: PXM 0 -> APIC 0x86 -> Node 0
Sep  8 10:23:00 cu-cs-vm kernel: [    0.000000] SRAT: PXM 0 -> APIC 0x88 -> Node 0
Sep  8 10:23:00 cu-cs-vm kernel: [    0.000000] SRAT: PXM 0 -> APIC 0x8a -> Node 0
Sep  8 10:23:00 cu-cs-vm kernel: [    0.000000] SRAT: PXM 0 -> APIC 0x8c -> Node 0
Sep  8 10:23:00 cu-cs-vm kernel: [    0.000000] SRAT: PXM 0 -> APIC 0x8e -> Node 0
Sep  8 10:23:00 cu-cs-vm kernel: [    0.000000] SRAT: PXM 0 -> APIC 0x90 -> Node 0
Sep  8 10:23:00 cu-cs-vm kernel: [    0.000000] SRAT: PXM 0 -> APIC 0x92 -> Node 0
Sep  8 10:23:00 cu-cs-vm kernel: [    0.000000] SRAT: PXM 0 -> APIC 0x94 -> Node 0
Sep  8 10:23:00 cu-cs-vm kernel: [    0.000000] SRAT: PXM 0 -> APIC 0x96 -> Node 0
Sep  8 10:23:00 cu-cs-vm kernel: [    0.000000] SRAT: PXM 0 -> APIC 0x98 -> Node 0
Sep  8 10:23:00 cu-cs-vm kernel: [    0.000000] SRAT: PXM 0 -> APIC 0x9a -> Node 0
Sep  8 10:23:00 cu-cs-vm kernel: [    0.000000] SRAT: PXM 0 -> APIC 0x9c -> Node 0
Sep  8 10:23:00 cu-cs-vm kernel: [    0.000000] SRAT: PXM 0 -> APIC 0x9e -> Node 0
Sep  8 10:23:00 cu-cs-vm kernel: [    0.000000] SRAT: PXM 0 -> APIC 0xa0 -> Node 0
Sep  8 10:23:00 cu-cs-vm kernel: [    0.000000] SRAT: PXM 0 -> APIC 0xa2 -> Node 0
Sep  8 10:23:00 cu-cs-vm kernel: [    0.000000] SRAT: PXM 0 -> APIC 0xa4 -> Node 0
Sep  8 10:23:00 cu-cs-vm kernel: [    0.000000] SRAT: PXM 0 -> APIC 0xa6 -> Node 0
Sep  8 10:23:00 cu-cs-vm kernel: [    0.000000] SRAT: PXM 0 -> APIC 0xa8 -> Node 0
Sep  8 10:23:00 cu-cs-vm kernel: [    0.000000] SRAT: PXM 0 -> APIC 0xaa -> Node 0
Sep  8 10:23:00 cu-cs-vm kernel: [    0.000000] SRAT: PXM 0 -> APIC 0xac -> Node 0
Sep  8 10:23:00 cu-cs-vm kernel: [    0.000000] SRAT: PXM 0 -> APIC 0xae -> Node 0
Sep  8 10:23:00 cu-cs-vm kernel: [    0.000000] SRAT: PXM 0 -> APIC 0xb0 -> Node 0
Sep  8 10:23:00 cu-cs-vm kernel: [    0.000000] SRAT: PXM 0 -> APIC 0xb2 -> Node 0
Sep  8 10:23:00 cu-cs-vm kernel: [    0.000000] SRAT: PXM 0 -> APIC 0xb4 -> Node 0
Sep  8 10:23:00 cu-cs-vm kernel: [    0.000000] SRAT: PXM 0 -> APIC 0xb6 -> Node 0
Sep  8 10:23:00 cu-cs-vm kernel: [    0.000000] SRAT: PXM 0 -> APIC 0xb8 -> Node 0
Sep  8 10:23:00 cu-cs-vm kernel: [    0.000000] SRAT: PXM 0 -> APIC 0xba -> Node 0
Sep  8 10:23:00 cu-cs-vm kernel: [    0.000000] SRAT: PXM 0 -> APIC 0xbc -> Node 0
Sep  8 10:23:00 cu-cs-vm kernel: [    0.000000] SRAT: PXM 0 -> APIC 0xbe -> Node 0
Sep  8 10:23:00 cu-cs-vm kernel: [    0.000000] SRAT: PXM 0 -> APIC 0xc0 -> Node 0
Sep  8 10:23:00 cu-cs-vm kernel: [    0.000000] SRAT: PXM 0 -> APIC 0xc2 -> Node 0
Sep  8 10:23:00 cu-cs-vm kernel: [    0.000000] SRAT: PXM 0 -> APIC 0xc4 -> Node 0
Sep  8 10:23:00 cu-cs-vm kernel: [    0.000000] SRAT: PXM 0 -> APIC 0xc6 -> Node 0
Sep  8 10:23:00 cu-cs-vm kernel: [    0.000000] SRAT: PXM 0 -> APIC 0xc8 -> Node 0
Sep  8 10:23:00 cu-cs-vm kernel: [    0.000000] SRAT: PXM 0 -> APIC 0xca -> Node 0
Sep  8 10:23:00 cu-cs-vm kernel: [    0.000000] SRAT: PXM 0 -> APIC 0xcc -> Node 0
Sep  8 10:23:00 cu-cs-vm kernel: [    0.000000] SRAT: PXM 0 -> APIC 0xce -> Node 0
Sep  8 10:23:00 cu-cs-vm kernel: [    0.000000] SRAT: PXM 0 -> APIC 0xd0 -> Node 0
Sep  8 10:23:00 cu-cs-vm kernel: [    0.000000] SRAT: PXM 0 -> APIC 0xd2 -> Node 0
Sep  8 10:23:00 cu-cs-vm kernel: [    0.000000] SRAT: PXM 0 -> APIC 0xd4 -> Node 0
Sep  8 10:23:00 cu-cs-vm kernel: [    0.000000] SRAT: PXM 0 -> APIC 0xd6 -> Node 0
Sep  8 10:23:00 cu-cs-vm kernel: [    0.000000] SRAT: PXM 0 -> APIC 0xd8 -> Node 0
Sep  8 10:23:00 cu-cs-vm kernel: [    0.000000] SRAT: PXM 0 -> APIC 0xda -> Node 0
Sep  8 10:23:00 cu-cs-vm kernel: [    0.000000] SRAT: PXM 0 -> APIC 0xdc -> Node 0
Sep  8 10:23:00 cu-cs-vm kernel: [    0.000000] SRAT: PXM 0 -> APIC 0xde -> Node 0
Sep  8 10:23:00 cu-cs-vm kernel: [    0.000000] SRAT: PXM 0 -> APIC 0xe0 -> Node 0
Sep  8 10:23:00 cu-cs-vm kernel: [    0.000000] SRAT: PXM 0 -> APIC 0xe2 -> Node 0
Sep  8 10:23:00 cu-cs-vm kernel: [    0.000000] SRAT: PXM 0 -> APIC 0xe4 -> Node 0
Sep  8 10:23:00 cu-cs-vm kernel: [    0.000000] SRAT: PXM 0 -> APIC 0xe6 -> Node 0
Sep  8 10:23:00 cu-cs-vm kernel: [    0.000000] SRAT: PXM 0 -> APIC 0xe8 -> Node 0
Sep  8 10:23:00 cu-cs-vm kernel: [    0.000000] SRAT: PXM 0 -> APIC 0xea -> Node 0
Sep  8 10:23:00 cu-cs-vm kernel: [    0.000000] SRAT: PXM 0 -> APIC 0xec -> Node 0
Sep  8 10:23:00 cu-cs-vm kernel: [    0.000000] SRAT: PXM 0 -> APIC 0xee -> Node 0
Sep  8 10:23:00 cu-cs-vm kernel: [    0.000000] SRAT: PXM 0 -> APIC 0xf0 -> Node 0
Sep  8 10:23:00 cu-cs-vm kernel: [    0.000000] SRAT: PXM 0 -> APIC 0xf2 -> Node 0
Sep  8 10:23:00 cu-cs-vm kernel: [    0.000000] SRAT: PXM 0 -> APIC 0xf4 -> Node 0
Sep  8 10:23:00 cu-cs-vm kernel: [    0.000000] SRAT: PXM 0 -> APIC 0xf6 -> Node 0
Sep  8 10:23:00 cu-cs-vm kernel: [    0.000000] SRAT: PXM 0 -> APIC 0xf8 -> Node 0
Sep  8 10:23:00 cu-cs-vm kernel: [    0.000000] SRAT: PXM 0 -> APIC 0xfa -> Node 0
Sep  8 10:23:00 cu-cs-vm kernel: [    0.000000] SRAT: PXM 0 -> APIC 0xfc -> Node 0
Sep  8 10:23:00 cu-cs-vm kernel: [    0.000000] SRAT: PXM 0 -> APIC 0xfe -> Node 0
Sep  8 10:23:00 cu-cs-vm kernel: [    0.000000] ACPI: SRAT: Node 0 PXM 0 [mem 0x00000000-0x0009ffff]
Sep  8 10:23:00 cu-cs-vm kernel: [    0.000000] ACPI: SRAT: Node 0 PXM 0 [mem 0x00100000-0xbfffffff]
Sep  8 10:23:00 cu-cs-vm kernel: [    0.000000] NUMA: Node 0 [mem 0x00000000-0x0009ffff] + [mem 0x00100000-0xbfffffff] -> [mem 0x00000000-0xbfffffff]
Sep  8 10:23:00 cu-cs-vm kernel: [    0.000000] NODE_DATA(0) allocated [mem 0xbffd5000-0xbfffffff]
Sep  8 10:23:00 cu-cs-vm kernel: [    0.000000] Zone ranges:
Sep  8 10:23:00 cu-cs-vm kernel: [    0.000000]   DMA      [mem 0x0000000000001000-0x0000000000ffffff]
Sep  8 10:23:00 cu-cs-vm kernel: [    0.000000]   DMA32    [mem 0x0000000001000000-0x00000000bfffffff]
Sep  8 10:23:00 cu-cs-vm kernel: [    0.000000]   Normal   empty
Sep  8 10:23:00 cu-cs-vm kernel: [    0.000000]   Device   empty
Sep  8 10:23:00 cu-cs-vm kernel: [    0.000000] Movable zone start for each node
Sep  8 10:23:00 cu-cs-vm kernel: [    0.000000] Early memory node ranges
Sep  8 10:23:00 cu-cs-vm kernel: [    0.000000]   node   0: [mem 0x0000000000001000-0x000000000009dfff]
Sep  8 10:23:00 cu-cs-vm kernel: [    0.000000]   node   0: [mem 0x0000000000100000-0x00000000bfedffff]
Sep  8 10:23:00 cu-cs-vm kernel: [    0.000000]   node   0: [mem 0x00000000bff00000-0x00000000bfffffff]
Sep  8 10:23:00 cu-cs-vm kernel: [    0.000000] Initmem setup node 0 [mem 0x0000000000001000-0x00000000bfffffff]
Sep  8 10:23:00 cu-cs-vm kernel: [    0.000000] On node 0 totalpages: 786301
Sep  8 10:23:00 cu-cs-vm kernel: [    0.000000]   DMA zone: 64 pages used for memmap
Sep  8 10:23:00 cu-cs-vm kernel: [    0.000000]   DMA zone: 21 pages reserved
Sep  8 10:23:00 cu-cs-vm kernel: [    0.000000]   DMA zone: 3997 pages, LIFO batch:0
Sep  8 10:23:00 cu-cs-vm kernel: [    0.000000]   DMA32 zone: 12224 pages used for memmap
Sep  8 10:23:00 cu-cs-vm kernel: [    0.000000]   DMA32 zone: 782304 pages, LIFO batch:31
Sep  8 10:23:00 cu-cs-vm kernel: [    0.000000] Reserved but unavailable: 99 pages
Sep  8 10:23:00 cu-cs-vm kernel: [    0.000000] ACPI: PM-Timer IO Port: 0x1008
Sep  8 10:23:00 cu-cs-vm kernel: [    0.000000] ACPI: Local APIC address 0xfee00000
Sep  8 10:23:00 cu-cs-vm kernel: [    0.000000] system APIC only can use physical flat
Sep  8 10:23:00 cu-cs-vm kernel: [    0.000000] ACPI: LAPIC_NMI (acpi_id[0x00] high edge lint[0x1])
Sep  8 10:23:00 cu-cs-vm kernel: [    0.000000] ACPI: LAPIC_NMI (acpi_id[0x01] high edge lint[0x1])
Sep  8 10:23:00 cu-cs-vm kernel: [    0.000000] ACPI: LAPIC_NMI (acpi_id[0x02] high edge lint[0x1])
Sep  8 10:23:00 cu-cs-vm kernel: [    0.000000] ACPI: LAPIC_NMI (acpi_id[0x03] high edge lint[0x1])
Sep  8 10:23:00 cu-cs-vm kernel: [    0.000000] ACPI: LAPIC_NMI (acpi_id[0x04] high edge lint[0x1])
Sep  8 10:23:00 cu-cs-vm kernel: [    0.000000] ACPI: LAPIC_NMI (acpi_id[0x05] high edge lint[0x1])
Sep  8 10:23:00 cu-cs-vm kernel: [    0.000000] ACPI: LAPIC_NMI (acpi_id[0x06] high edge lint[0x1])
Sep  8 10:23:00 cu-cs-vm kernel: [    0.000000] ACPI: LAPIC_NMI (acpi_id[0x07] high edge lint[0x1])
Sep  8 10:23:00 cu-cs-vm kernel: [    0.000000] ACPI: LAPIC_NMI (acpi_id[0x08] high edge lint[0x1])
Sep  8 10:23:00 cu-cs-vm kernel: [    0.000000] ACPI: LAPIC_NMI (acpi_id[0x09] high edge lint[0x1])
Sep  8 10:23:00 cu-cs-vm kernel: [    0.000000] ACPI: LAPIC_NMI (acpi_id[0x0a] high edge lint[0x1])
Sep  8 10:23:00 cu-cs-vm kernel: [    0.000000] ACPI: LAPIC_NMI (acpi_id[0x0b] high edge lint[0x1])
Sep  8 10:23:00 cu-cs-vm kernel: [    0.000000] ACPI: LAPIC_NMI (acpi_id[0x0c] high edge lint[0x1])
Sep  8 10:23:00 cu-cs-vm kernel: [    0.000000] ACPI: LAPIC_NMI (acpi_id[0x0d] high edge lint[0x1])
Sep  8 10:23:00 cu-cs-vm kernel: [    0.000000] ACPI: LAPIC_NMI (acpi_id[0x0e] high edge lint[0x1])
Sep  8 10:23:00 cu-cs-vm kernel: [    0.000000] ACPI: LAPIC_NMI (acpi_id[0x0f] high edge lint[0x1])
Sep  8 10:23:00 cu-cs-vm kernel: [    0.000000] ACPI: LAPIC_NMI (acpi_id[0x10] high edge lint[0x1])
Sep  8 10:23:00 cu-cs-vm kernel: [    0.000000] ACPI: LAPIC_NMI (acpi_id[0x11] high edge lint[0x1])
Sep  8 10:23:00 cu-cs-vm kernel: [    0.000000] ACPI: LAPIC_NMI (acpi_id[0x12] high edge lint[0x1])
Sep  8 10:23:00 cu-cs-vm kernel: [    0.000000] ACPI: LAPIC_NMI (acpi_id[0x13] high edge lint[0x1])
Sep  8 10:23:00 cu-cs-vm kernel: [    0.000000] ACPI: LAPIC_NMI (acpi_id[0x14] high edge lint[0x1])
Sep  8 10:23:00 cu-cs-vm kernel: [    0.000000] ACPI: LAPIC_NMI (acpi_id[0x15] high edge lint[0x1])
Sep  8 10:23:00 cu-cs-vm kernel: [    0.000000] ACPI: LAPIC_NMI (acpi_id[0x16] high edge lint[0x1])
Sep  8 10:23:00 cu-cs-vm kernel: [    0.000000] ACPI: LAPIC_NMI (acpi_id[0x17] high edge lint[0x1])
Sep  8 10:23:00 cu-cs-vm kernel: [    0.000000] ACPI: LAPIC_NMI (acpi_id[0x18] high edge lint[0x1])
Sep  8 10:23:00 cu-cs-vm kernel: [    0.000000] ACPI: LAPIC_NMI (acpi_id[0x19] high edge lint[0x1])
Sep  8 10:23:00 cu-cs-vm kernel: [    0.000000] ACPI: LAPIC_NMI (acpi_id[0x1a] high edge lint[0x1])
Sep  8 10:23:00 cu-cs-vm kernel: [    0.000000] ACPI: LAPIC_NMI (acpi_id[0x1b] high edge lint[0x1])
Sep  8 10:23:00 cu-cs-vm kernel: [    0.000000] ACPI: LAPIC_NMI (acpi_id[0x1c] high edge lint[0x1])
Sep  8 10:23:00 cu-cs-vm kernel: [    0.000000] ACPI: LAPIC_NMI (acpi_id[0x1d] high edge lint[0x1])
Sep  8 10:23:00 cu-cs-vm kernel: [    0.000000] ACPI: LAPIC_NMI (acpi_id[0x1e] high edge lint[0x1])
Sep  8 10:23:00 cu-cs-vm kernel: [    0.000000] ACPI: LAPIC_NMI (acpi_id[0x1f] high edge lint[0x1])
Sep  8 10:23:00 cu-cs-vm kernel: [    0.000000] ACPI: LAPIC_NMI (acpi_id[0x20] high edge lint[0x1])
Sep  8 10:23:00 cu-cs-vm kernel: [    0.000000] ACPI: LAPIC_NMI (acpi_id[0x21] high edge lint[0x1])
Sep  8 10:23:00 cu-cs-vm kernel: [    0.000000] ACPI: LAPIC_NMI (acpi_id[0x22] high edge lint[0x1])
Sep  8 10:23:00 cu-cs-vm kernel: [    0.000000] ACPI: LAPIC_NMI (acpi_id[0x23] high edge lint[0x1])
Sep  8 10:23:00 cu-cs-vm kernel: [    0.000000] ACPI: LAPIC_NMI (acpi_id[0x24] high edge lint[0x1])
Sep  8 10:23:00 cu-cs-vm kernel: [    0.000000] ACPI: LAPIC_NMI (acpi_id[0x25] high edge lint[0x1])
Sep  8 10:23:00 cu-cs-vm kernel: [    0.000000] ACPI: LAPIC_NMI (acpi_id[0x26] high edge lint[0x1])
Sep  8 10:23:00 cu-cs-vm kernel: [    0.000000] ACPI: LAPIC_NMI (acpi_id[0x27] high edge lint[0x1])
Sep  8 10:23:00 cu-cs-vm kernel: [    0.000000] ACPI: LAPIC_NMI (acpi_id[0x28] high edge lint[0x1])
Sep  8 10:23:00 cu-cs-vm kernel: [    0.000000] ACPI: LAPIC_NMI (acpi_id[0x29] high edge lint[0x1])
Sep  8 10:23:00 cu-cs-vm kernel: [    0.000000] ACPI: LAPIC_NMI (acpi_id[0x2a] high edge lint[0x1])
Sep  8 10:23:00 cu-cs-vm kernel: [    0.000000] ACPI: LAPIC_NMI (acpi_id[0x2b] high edge lint[0x1])
Sep  8 10:23:00 cu-cs-vm kernel: [    0.000000] ACPI: LAPIC_NMI (acpi_id[0x2c] high edge lint[0x1])
Sep  8 10:23:00 cu-cs-vm kernel: [    0.000000] ACPI: LAPIC_NMI (acpi_id[0x2d] high edge lint[0x1])
Sep  8 10:23:00 cu-cs-vm kernel: [    0.000000] ACPI: LAPIC_NMI (acpi_id[0x2e] high edge lint[0x1])
Sep  8 10:23:00 cu-cs-vm kernel: [    0.000000] ACPI: LAPIC_NMI (acpi_id[0x2f] high edge lint[0x1])
Sep  8 10:23:00 cu-cs-vm kernel: [    0.000000] ACPI: LAPIC_NMI (acpi_id[0x30] high edge lint[0x1])
Sep  8 10:23:00 cu-cs-vm kernel: [    0.000000] ACPI: LAPIC_NMI (acpi_id[0x31] high edge lint[0x1])
Sep  8 10:23:00 cu-cs-vm kernel: [    0.000000] ACPI: LAPIC_NMI (acpi_id[0x32] high edge lint[0x1])
Sep  8 10:23:00 cu-cs-vm kernel: [    0.000000] ACPI: LAPIC_NMI (acpi_id[0x33] high edge lint[0x1])
Sep  8 10:23:00 cu-cs-vm kernel: [    0.000000] ACPI: LAPIC_NMI (acpi_id[0x34] high edge lint[0x1])
Sep  8 10:23:00 cu-cs-vm kernel: [    0.000000] ACPI: LAPIC_NMI (acpi_id[0x35] high edge lint[0x1])
Sep  8 10:23:00 cu-cs-vm kernel: [    0.000000] ACPI: LAPIC_NMI (acpi_id[0x36] high edge lint[0x1])
Sep  8 10:23:00 cu-cs-vm kernel: [    0.000000] ACPI: LAPIC_NMI (acpi_id[0x37] high edge lint[0x1])
Sep  8 10:23:00 cu-cs-vm kernel: [    0.000000] ACPI: LAPIC_NMI (acpi_id[0x38] high edge lint[0x1])
Sep  8 10:23:00 cu-cs-vm kernel: [    0.000000] ACPI: LAPIC_NMI (acpi_id[0x39] high edge lint[0x1])
Sep  8 10:23:00 cu-cs-vm kernel: [    0.000000] ACPI: LAPIC_NMI (acpi_id[0x3a] high edge lint[0x1])
Sep  8 10:23:00 cu-cs-vm kernel: [    0.000000] ACPI: LAPIC_NMI (acpi_id[0x3b] high edge lint[0x1])
Sep  8 10:23:00 cu-cs-vm kernel: [    0.000000] ACPI: LAPIC_NMI (acpi_id[0x3c] high edge lint[0x1])
Sep  8 10:23:00 cu-cs-vm kernel: [    0.000000] ACPI: LAPIC_NMI (acpi_id[0x3d] high edge lint[0x1])
Sep  8 10:23:00 cu-cs-vm kernel: [    0.000000] ACPI: LAPIC_NMI (acpi_id[0x3e] high edge lint[0x1])
Sep  8 10:23:00 cu-cs-vm kernel: [    0.000000] ACPI: LAPIC_NMI (acpi_id[0x3f] high edge lint[0x1])
Sep  8 10:23:00 cu-cs-vm kernel: [    0.000000] ACPI: LAPIC_NMI (acpi_id[0x40] high edge lint[0x1])
Sep  8 10:23:00 cu-cs-vm kernel: [    0.000000] ACPI: LAPIC_NMI (acpi_id[0x41] high edge lint[0x1])
Sep  8 10:23:00 cu-cs-vm kernel: [    0.000000] ACPI: LAPIC_NMI (acpi_id[0x42] high edge lint[0x1])
Sep  8 10:23:00 cu-cs-vm kernel: [    0.000000] ACPI: LAPIC_NMI (acpi_id[0x43] high edge lint[0x1])
Sep  8 10:23:00 cu-cs-vm kernel: [    0.000000] ACPI: LAPIC_NMI (acpi_id[0x44] high edge lint[0x1])
Sep  8 10:23:00 cu-cs-vm kernel: [    0.000000] ACPI: LAPIC_NMI (acpi_id[0x45] high edge lint[0x1])
Sep  8 10:23:00 cu-cs-vm kernel: [    0.000000] ACPI: LAPIC_NMI (acpi_id[0x46] high edge lint[0x1])
Sep  8 10:23:00 cu-cs-vm kernel: [    0.000000] ACPI: LAPIC_NMI (acpi_id[0x47] high edge lint[0x1])
Sep  8 10:23:00 cu-cs-vm kernel: [    0.000000] ACPI: LAPIC_NMI (acpi_id[0x48] high edge lint[0x1])
Sep  8 10:23:00 cu-cs-vm kernel: [    0.000000] ACPI: LAPIC_NMI (acpi_id[0x49] high edge lint[0x1])
Sep  8 10:23:00 cu-cs-vm kernel: [    0.000000] ACPI: LAPIC_NMI (acpi_id[0x4a] high edge lint[0x1])
Sep  8 10:23:00 cu-cs-vm kernel: [    0.000000] ACPI: LAPIC_NMI (acpi_id[0x4b] high edge lint[0x1])
Sep  8 10:23:00 cu-cs-vm kernel: [    0.000000] ACPI: LAPIC_NMI (acpi_id[0x4c] high edge lint[0x1])
Sep  8 10:23:00 cu-cs-vm kernel: [    0.000000] ACPI: LAPIC_NMI (acpi_id[0x4d] high edge lint[0x1])
Sep  8 10:23:00 cu-cs-vm kernel: [    0.000000] ACPI: LAPIC_NMI (acpi_id[0x4e] high edge lint[0x1])
Sep  8 10:23:00 cu-cs-vm kernel: [    0.000000] ACPI: LAPIC_NMI (acpi_id[0x4f] high edge lint[0x1])
Sep  8 10:23:00 cu-cs-vm kernel: [    0.000000] ACPI: LAPIC_NMI (acpi_id[0x50] high edge lint[0x1])
Sep  8 10:23:00 cu-cs-vm kernel: [    0.000000] ACPI: LAPIC_NMI (acpi_id[0x51] high edge lint[0x1])
Sep  8 10:23:00 cu-cs-vm kernel: [    0.000000] ACPI: LAPIC_NMI (acpi_id[0x52] high edge lint[0x1])
Sep  8 10:23:00 cu-cs-vm kernel: [    0.000000] ACPI: LAPIC_NMI (acpi_id[0x53] high edge lint[0x1])
Sep  8 10:23:00 cu-cs-vm kernel: [    0.000000] ACPI: LAPIC_NMI (acpi_id[0x54] high edge lint[0x1])
Sep  8 10:23:00 cu-cs-vm kernel: [    0.000000] ACPI: LAPIC_NMI (acpi_id[0x55] high edge lint[0x1])
Sep  8 10:23:00 cu-cs-vm kernel: [    0.000000] ACPI: LAPIC_NMI (acpi_id[0x56] high edge lint[0x1])
Sep  8 10:23:00 cu-cs-vm kernel: [    0.000000] ACPI: LAPIC_NMI (acpi_id[0x57] high edge lint[0x1])
Sep  8 10:23:00 cu-cs-vm kernel: [    0.000000] ACPI: LAPIC_NMI (acpi_id[0x58] high edge lint[0x1])
Sep  8 10:23:00 cu-cs-vm kernel: [    0.000000] ACPI: LAPIC_NMI (acpi_id[0x59] high edge lint[0x1])
Sep  8 10:23:00 cu-cs-vm kernel: [    0.000000] ACPI: LAPIC_NMI (acpi_id[0x5a] high edge lint[0x1])
Sep  8 10:23:00 cu-cs-vm kernel: [    0.000000] ACPI: LAPIC_NMI (acpi_id[0x5b] high edge lint[0x1])
Sep  8 10:23:00 cu-cs-vm kernel: [    0.000000] ACPI: LAPIC_NMI (acpi_id[0x5c] high edge lint[0x1])
Sep  8 10:23:00 cu-cs-vm kernel: [    0.000000] ACPI: LAPIC_NMI (acpi_id[0x5d] high edge lint[0x1])
Sep  8 10:23:00 cu-cs-vm kernel: [    0.000000] ACPI: LAPIC_NMI (acpi_id[0x5e] high edge lint[0x1])
Sep  8 10:23:00 cu-cs-vm kernel: [    0.000000] ACPI: LAPIC_NMI (acpi_id[0x5f] high edge lint[0x1])
Sep  8 10:23:00 cu-cs-vm kernel: [    0.000000] ACPI: LAPIC_NMI (acpi_id[0x60] high edge lint[0x1])
Sep  8 10:23:00 cu-cs-vm kernel: [    0.000000] ACPI: LAPIC_NMI (acpi_id[0x61] high edge lint[0x1])
Sep  8 10:23:00 cu-cs-vm kernel: [    0.000000] ACPI: LAPIC_NMI (acpi_id[0x62] high edge lint[0x1])
Sep  8 10:23:00 cu-cs-vm kernel: [    0.000000] ACPI: LAPIC_NMI (acpi_id[0x63] high edge lint[0x1])
Sep  8 10:23:00 cu-cs-vm kernel: [    0.000000] ACPI: LAPIC_NMI (acpi_id[0x64] high edge lint[0x1])
Sep  8 10:23:00 cu-cs-vm kernel: [    0.000000] ACPI: LAPIC_NMI (acpi_id[0x65] high edge lint[0x1])
Sep  8 10:23:00 cu-cs-vm kernel: [    0.000000] ACPI: LAPIC_NMI (acpi_id[0x66] high edge lint[0x1])
Sep  8 10:23:00 cu-cs-vm kernel: [    0.000000] ACPI: LAPIC_NMI (acpi_id[0x67] high edge lint[0x1])
Sep  8 10:23:00 cu-cs-vm kernel: [    0.000000] ACPI: LAPIC_NMI (acpi_id[0x68] high edge lint[0x1])
Sep  8 10:23:00 cu-cs-vm kernel: [    0.000000] ACPI: LAPIC_NMI (acpi_id[0x69] high edge lint[0x1])
Sep  8 10:23:00 cu-cs-vm kernel: [    0.000000] ACPI: LAPIC_NMI (acpi_id[0x6a] high edge lint[0x1])
Sep  8 10:23:00 cu-cs-vm kernel: [    0.000000] ACPI: LAPIC_NMI (acpi_id[0x6b] high edge lint[0x1])
Sep  8 10:23:00 cu-cs-vm kernel: [    0.000000] ACPI: LAPIC_NMI (acpi_id[0x6c] high edge lint[0x1])
Sep  8 10:23:00 cu-cs-vm kernel: [    0.000000] ACPI: LAPIC_NMI (acpi_id[0x6d] high edge lint[0x1])
Sep  8 10:23:00 cu-cs-vm kernel: [    0.000000] ACPI: LAPIC_NMI (acpi_id[0x6e] high edge lint[0x1])
Sep  8 10:23:00 cu-cs-vm kernel: [    0.000000] ACPI: LAPIC_NMI (acpi_id[0x6f] high edge lint[0x1])
Sep  8 10:23:00 cu-cs-vm kernel: [    0.000000] ACPI: LAPIC_NMI (acpi_id[0x70] high edge lint[0x1])
Sep  8 10:23:00 cu-cs-vm kernel: [    0.000000] ACPI: LAPIC_NMI (acpi_id[0x71] high edge lint[0x1])
Sep  8 10:23:00 cu-cs-vm kernel: [    0.000000] ACPI: LAPIC_NMI (acpi_id[0x72] high edge lint[0x1])
Sep  8 10:23:00 cu-cs-vm kernel: [    0.000000] ACPI: LAPIC_NMI (acpi_id[0x73] high edge lint[0x1])
Sep  8 10:23:00 cu-cs-vm kernel: [    0.000000] ACPI: LAPIC_NMI (acpi_id[0x74] high edge lint[0x1])
Sep  8 10:23:00 cu-cs-vm kernel: [    0.000000] ACPI: LAPIC_NMI (acpi_id[0x75] high edge lint[0x1])
Sep  8 10:23:00 cu-cs-vm kernel: [    0.000000] ACPI: LAPIC_NMI (acpi_id[0x76] high edge lint[0x1])
Sep  8 10:23:00 cu-cs-vm kernel: [    0.000000] ACPI: LAPIC_NMI (acpi_id[0x77] high edge lint[0x1])
Sep  8 10:23:00 cu-cs-vm kernel: [    0.000000] ACPI: LAPIC_NMI (acpi_id[0x78] high edge lint[0x1])
Sep  8 10:23:00 cu-cs-vm kernel: [    0.000000] ACPI: LAPIC_NMI (acpi_id[0x79] high edge lint[0x1])
Sep  8 10:23:00 cu-cs-vm kernel: [    0.000000] ACPI: LAPIC_NMI (acpi_id[0x7a] high edge lint[0x1])
Sep  8 10:23:00 cu-cs-vm kernel: [    0.000000] ACPI: LAPIC_NMI (acpi_id[0x7b] high edge lint[0x1])
Sep  8 10:23:00 cu-cs-vm kernel: [    0.000000] ACPI: LAPIC_NMI (acpi_id[0x7c] high edge lint[0x1])
Sep  8 10:23:00 cu-cs-vm kernel: [    0.000000] ACPI: LAPIC_NMI (acpi_id[0x7d] high edge lint[0x1])
Sep  8 10:23:00 cu-cs-vm kernel: [    0.000000] ACPI: LAPIC_NMI (acpi_id[0x7e] high edge lint[0x1])
Sep  8 10:23:00 cu-cs-vm kernel: [    0.000000] ACPI: LAPIC_NMI (acpi_id[0x7f] high edge lint[0x1])
Sep  8 10:23:00 cu-cs-vm kernel: [    0.000000] IOAPIC[0]: apic_id 1, version 17, address 0xfec00000, GSI 0-23
Sep  8 10:23:00 cu-cs-vm kernel: [    0.000000] ACPI: INT_SRC_OVR (bus 0 bus_irq 0 global_irq 2 high edge)
Sep  8 10:23:00 cu-cs-vm kernel: [    0.000000] ACPI: IRQ0 used by override.
Sep  8 10:23:00 cu-cs-vm kernel: [    0.000000] ACPI: IRQ9 used by override.
Sep  8 10:23:00 cu-cs-vm kernel: [    0.000000] Using ACPI (MADT) for SMP configuration information
Sep  8 10:23:00 cu-cs-vm kernel: [    0.000000] smpboot: Allowing 128 CPUs, 126 hotplug CPUs
Sep  8 10:23:00 cu-cs-vm kernel: [    0.000000] PM: Registered nosave memory: [mem 0x00000000-0x00000fff]
Sep  8 10:23:00 cu-cs-vm kernel: [    0.000000] PM: Registered nosave memory: [mem 0x0009e000-0x0009efff]
Sep  8 10:23:00 cu-cs-vm kernel: [    0.000000] PM: Registered nosave memory: [mem 0x0009f000-0x0009ffff]
Sep  8 10:23:00 cu-cs-vm kernel: [    0.000000] PM: Registered nosave memory: [mem 0x000a0000-0x000dbfff]
Sep  8 10:23:00 cu-cs-vm kernel: [    0.000000] PM: Registered nosave memory: [mem 0x000dc000-0x000fffff]
Sep  8 10:23:00 cu-cs-vm kernel: [    0.000000] PM: Registered nosave memory: [mem 0xbfee0000-0xbfefefff]
Sep  8 10:23:00 cu-cs-vm kernel: [    0.000000] PM: Registered nosave memory: [mem 0xbfeff000-0xbfefffff]
Sep  8 10:23:00 cu-cs-vm kernel: [    0.000000] e820: [mem 0xc0000000-0xefffffff] available for PCI devices
Sep  8 10:23:00 cu-cs-vm kernel: [    0.000000] Booting paravirtualized kernel on VMware hypervisor
Sep  8 10:23:00 cu-cs-vm kernel: [    0.000000] clocksource: refined-jiffies: mask: 0xffffffff max_cycles: 0xffffffff, max_idle_ns: 7645519600211568 ns
Sep  8 10:23:00 cu-cs-vm kernel: [    0.000000] random: get_random_bytes called from start_kernel+0x99/0x51d with crng_init=0
Sep  8 10:23:00 cu-cs-vm kernel: [    0.000000] setup_percpu: NR_CPUS:8192 nr_cpumask_bits:128 nr_cpu_ids:128 nr_node_ids:1
Sep  8 10:23:00 cu-cs-vm kernel: [    0.000000] percpu: Embedded 46 pages/cpu @        (ptrval) s151552 r8192 d28672 u262144
Sep  8 10:23:00 cu-cs-vm kernel: [    0.000000] pcpu-alloc: s151552 r8192 d28672 u262144 alloc=1*2097152
Sep  8 10:23:00 cu-cs-vm kernel: [    0.000000] pcpu-alloc: [0] 000 001 002 003 004 005 006 007 
Sep  8 10:23:00 cu-cs-vm kernel: [    0.000000] pcpu-alloc: [0] 008 009 010 011 012 013 014 015 
Sep  8 10:23:00 cu-cs-vm kernel: [    0.000000] pcpu-alloc: [0] 016 017 018 019 020 021 022 023 
Sep  8 10:23:00 cu-cs-vm kernel: [    0.000000] pcpu-alloc: [0] 024 025 026 027 028 029 030 031 
Sep  8 10:23:00 cu-cs-vm kernel: [    0.000000] pcpu-alloc: [0] 032 033 034 035 036 037 038 039 
Sep  8 10:23:00 cu-cs-vm kernel: [    0.000000] pcpu-alloc: [0] 040 041 042 043 044 045 046 047 
Sep  8 10:23:00 cu-cs-vm kernel: [    0.000000] pcpu-alloc: [0] 048 049 050 051 052 053 054 055 
Sep  8 10:23:00 cu-cs-vm kernel: [    0.000000] pcpu-alloc: [0] 056 057 058 059 060 061 062 063 
Sep  8 10:23:00 cu-cs-vm kernel: [    0.000000] pcpu-alloc: [0] 064 065 066 067 068 069 070 071 
Sep  8 10:23:00 cu-cs-vm kernel: [    0.000000] pcpu-alloc: [0] 072 073 074 075 076 077 078 079 
Sep  8 10:23:00 cu-cs-vm kernel: [    0.000000] pcpu-alloc: [0] 080 081 082 083 084 085 086 087 
Sep  8 10:23:00 cu-cs-vm kernel: [    0.000000] pcpu-alloc: [0] 088 089 090 091 092 093 094 095 
Sep  8 10:23:00 cu-cs-vm kernel: [    0.000000] pcpu-alloc: [0] 096 097 098 099 100 101 102 103 
Sep  8 10:23:00 cu-cs-vm kernel: [    0.000000] pcpu-alloc: [0] 104 105 106 107 108 109 110 111 
Sep  8 10:23:00 cu-cs-vm kernel: [    0.000000] pcpu-alloc: [0] 112 113 114 115 116 117 118 119 
Sep  8 10:23:00 cu-cs-vm kernel: [    0.000000] pcpu-alloc: [0] 120 121 122 123 124 125 126 127 
Sep  8 10:23:00 cu-cs-vm kernel: [    0.000000] Built 1 zonelists, mobility grouping on.  Total pages: 773992
Sep  8 10:23:00 cu-cs-vm kernel: [    0.000000] Policy zone: DMA32
Sep  8 10:23:00 cu-cs-vm kernel: [    0.000000] Kernel command line: BOOT_IMAGE=/boot/vmlinuz-4.15.18version5 root=UUID=a7adc8c1-e02a-478b-93ad-c06e060e0176 ro
Sep  8 10:23:00 cu-cs-vm kernel: [    0.000000] log_buf_len individual max cpu contribution: 4096 bytes
Sep  8 10:23:00 cu-cs-vm kernel: [    0.000000] log_buf_len total cpu_extra contributions: 520192 bytes
Sep  8 10:23:00 cu-cs-vm kernel: [    0.000000] log_buf_len min size: 262144 bytes
Sep  8 10:23:00 cu-cs-vm kernel: [    0.000000] log_buf_len: 1048576 bytes
Sep  8 10:23:00 cu-cs-vm kernel: [    0.000000] early log buf free: 236996(90%)
Sep  8 10:23:00 cu-cs-vm kernel: [    0.000000] Calgary: detecting Calgary via BIOS EBDA area
Sep  8 10:23:00 cu-cs-vm kernel: [    0.000000] Calgary: Unable to locate Rio Grande table in EBDA - bailing!
Sep  8 10:23:00 cu-cs-vm kernel: [    0.000000] Memory: 3019788K/3145204K available (12300K kernel code, 2348K rwdata, 4064K rodata, 2392K init, 2412K bss, 125416K reserved, 0K cma-reserved)
Sep  8 10:23:00 cu-cs-vm kernel: [    0.000000] SLUB: HWalign=64, Order=0-3, MinObjects=0, CPUs=128, Nodes=1
Sep  8 10:23:00 cu-cs-vm kernel: [    0.000000] Kernel/User page tables isolation: enabled
Sep  8 10:23:00 cu-cs-vm kernel: [    0.000000] ftrace: allocating 38234 entries in 150 pages
Sep  8 10:23:00 cu-cs-vm kernel: [    0.004000] Hierarchical RCU implementation.
Sep  8 10:23:00 cu-cs-vm kernel: [    0.004000] 	RCU restricting CPUs from NR_CPUS=8192 to nr_cpu_ids=128.
Sep  8 10:23:00 cu-cs-vm kernel: [    0.004000] RCU: Adjusting geometry for rcu_fanout_leaf=16, nr_cpu_ids=128
Sep  8 10:23:00 cu-cs-vm kernel: [    0.004000] NR_IRQS: 524544, nr_irqs: 1448, preallocated irqs: 16
Sep  8 10:23:00 cu-cs-vm kernel: [    0.004000] Console: colour VGA+ 80x25
Sep  8 10:23:00 cu-cs-vm kernel: [    0.004000] console [tty0] enabled
Sep  8 10:23:00 cu-cs-vm kernel: [    0.004000] ACPI: Core revision 20170831
Sep  8 10:23:00 cu-cs-vm kernel: [    0.004000] ACPI: 1 ACPI AML tables successfully acquired and loaded
Sep  8 10:23:00 cu-cs-vm kernel: [    0.004149] APIC: Switch to symmetric I/O mode setup
Sep  8 10:23:00 cu-cs-vm kernel: [    0.008000] x2apic enabled
Sep  8 10:23:00 cu-cs-vm kernel: [    0.008048] Switched APIC routing to physical x2apic.
Sep  8 10:23:00 cu-cs-vm kernel: [    0.080000] ..TIMER: vector=0x30 apic1=0 pin1=2 apic2=-1 pin2=-1
Sep  8 10:23:00 cu-cs-vm kernel: [    0.080000] tsc: Detected 2303.999 MHz processor
Sep  8 10:23:00 cu-cs-vm kernel: [    0.092051] Calibrating delay loop (skipped) preset value.. 4607.99 BogoMIPS (lpj=9215996)
Sep  8 10:23:00 cu-cs-vm kernel: [    0.096065] pid_max: default: 131072 minimum: 1024
Sep  8 10:23:00 cu-cs-vm kernel: [    0.108157] Security Framework initialized
Sep  8 10:23:00 cu-cs-vm kernel: [    0.116110] Yama: becoming mindful.
Sep  8 10:23:00 cu-cs-vm kernel: [    0.121241] AppArmor: AppArmor initialized
Sep  8 10:23:00 cu-cs-vm kernel: [    0.173477] Dentry cache hash table entries: 524288 (order: 10, 4194304 bytes)
Sep  8 10:23:00 cu-cs-vm kernel: [    0.210371] Inode-cache hash table entries: 262144 (order: 9, 2097152 bytes)
Sep  8 10:23:00 cu-cs-vm kernel: [    0.216516] Mount-cache hash table entries: 8192 (order: 4, 65536 bytes)
Sep  8 10:23:00 cu-cs-vm kernel: [    0.228380] Mountpoint-cache hash table entries: 8192 (order: 4, 65536 bytes)
Sep  8 10:23:00 cu-cs-vm kernel: [    0.248537] Disabled fast string operations
Sep  8 10:23:00 cu-cs-vm kernel: [    0.257100] ENERGY_PERF_BIAS: Set to 'normal', was 'performance'
Sep  8 10:23:00 cu-cs-vm kernel: [    0.260000] ENERGY_PERF_BIAS: View and update with x86_energy_perf_policy(8)
Sep  8 10:23:00 cu-cs-vm kernel: [    0.264724] mce: CPU supports 0 MCE banks
Sep  8 10:23:00 cu-cs-vm kernel: [    0.272514] Last level iTLB entries: 4KB 128, 2MB 8, 4MB 8
Sep  8 10:23:00 cu-cs-vm kernel: [    0.276107] Last level dTLB entries: 4KB 64, 2MB 0, 4MB 0, 1GB 4
Sep  8 10:23:00 cu-cs-vm kernel: [    0.280724] Spectre V2 : Mitigation: Full generic retpoline
Sep  8 10:23:00 cu-cs-vm kernel: [    0.284107] Spectre V2 : Spectre v2 mitigation: Filling RSB on context switch
Sep  8 10:23:00 cu-cs-vm kernel: [    0.288724] Speculative Store Bypass: Vulnerable
Sep  8 10:23:00 cu-cs-vm kernel: [    0.292411] Freeing SMP alternatives memory: 36K
Sep  8 10:23:00 cu-cs-vm kernel: [    0.337063] TSC deadline timer enabled
Sep  8 10:23:00 cu-cs-vm kernel: [    0.337265] smpboot: CPU0: Intel(R) Core(TM) i5-6300HQ CPU @ 2.30GHz (family: 0x6, model: 0x5e, stepping: 0x3)
Sep  8 10:23:00 cu-cs-vm kernel: [    0.342100] Performance Events: Skylake events, core PMU driver.
Sep  8 10:23:00 cu-cs-vm kernel: [    0.344151] core: CPUID marked event: 'cpu cycles' unavailable
Sep  8 10:23:00 cu-cs-vm kernel: [    0.348236] core: CPUID marked event: 'instructions' unavailable
Sep  8 10:23:00 cu-cs-vm kernel: [    0.352086] core: CPUID marked event: 'bus cycles' unavailable
Sep  8 10:23:00 cu-cs-vm kernel: [    0.356032] core: CPUID marked event: 'cache references' unavailable
Sep  8 10:23:00 cu-cs-vm kernel: [    0.360098] core: CPUID marked event: 'cache misses' unavailable
Sep  8 10:23:00 cu-cs-vm kernel: [    0.364033] core: CPUID marked event: 'branch instructions' unavailable
Sep  8 10:23:00 cu-cs-vm kernel: [    0.368041] core: CPUID marked event: 'branch misses' unavailable
Sep  8 10:23:00 cu-cs-vm kernel: [    0.372069] ... version:                1
Sep  8 10:23:00 cu-cs-vm kernel: [    0.376034] ... bit width:              48
Sep  8 10:23:00 cu-cs-vm VGAuthService[804]: ** Message: LoadPrefs: Allowing 300 of clock skew for SAML date validation
Sep  8 10:23:00 cu-cs-vm kernel: [    0.380029] ... generic registers:      8
Sep  8 10:23:00 cu-cs-vm kernel: [    0.384035] ... value mask:             0000ffffffffffff
Sep  8 10:23:00 cu-cs-vm kernel: [    0.388033] ... max period:             000000007fffffff
Sep  8 10:23:00 cu-cs-vm kernel: [    0.392052] ... fixed-purpose events:   0
Sep  8 10:23:00 cu-cs-vm kernel: [    0.396105] ... event mask:             00000000000000ff
Sep  8 10:23:00 cu-cs-vm kernel: [    0.400386] Hierarchical SRCU implementation.
Sep  8 10:23:00 cu-cs-vm kernel: [    0.405134] NMI watchdog: Perf event create on CPU 0 failed with -2
Sep  8 10:23:00 cu-cs-vm kernel: [    0.408033] NMI watchdog: Perf NMI watchdog permanently disabled
Sep  8 10:23:00 cu-cs-vm kernel: [    0.430505] smp: Bringing up secondary CPUs ...
Sep  8 10:23:00 cu-cs-vm kernel: [    0.434035] x86: Booting SMP configuration:
Sep  8 10:23:00 cu-cs-vm kernel: [    0.436034] .... node  #0, CPUs:          #1
Sep  8 10:23:00 cu-cs-vm kernel: [    0.004000] Disabled fast string operations
Sep  8 10:23:00 cu-cs-vm kernel: [    0.004000] mce: CPU supports 0 MCE banks
Sep  8 10:23:00 cu-cs-vm kernel: [    0.004000] smpboot: CPU 1 Converting physical 2 to logical package 1
Sep  8 10:23:00 cu-cs-vm kernel: [    0.452118] smp: Brought up 1 node, 2 CPUs
Sep  8 10:23:00 cu-cs-vm kernel: [    0.462593] smpboot: Max logical packages: 128
Sep  8 10:23:00 cu-cs-vm kernel: [    0.464029] smpboot: Total of 2 processors activated (9215.99 BogoMIPS)
Sep  8 10:23:00 cu-cs-vm kernel: [    0.472606] devtmpfs: initialized
Sep  8 10:23:00 cu-cs-vm kernel: [    0.473696] x86/mm: Memory block size: 128MB
Sep  8 10:23:00 cu-cs-vm kernel: [    0.477358] evm: security.selinux
Sep  8 10:23:00 cu-cs-vm kernel: [    0.478991] evm: security.SMACK64
Sep  8 10:23:00 cu-cs-vm kernel: [    0.480000] evm: security.SMACK64EXEC
Sep  8 10:23:00 cu-cs-vm kernel: [    0.480055] evm: security.SMACK64TRANSMUTE
Sep  8 10:23:00 cu-cs-vm kernel: [    0.482135] evm: security.SMACK64MMAP
Sep  8 10:23:00 cu-cs-vm kernel: [    0.483978] evm: security.apparmor
Sep  8 10:23:00 cu-cs-vm kernel: [    0.484032] evm: security.ima
Sep  8 10:23:00 cu-cs-vm kernel: [    0.485855] evm: security.capability
Sep  8 10:23:00 cu-cs-vm kernel: [    0.488048] PM: Registering ACPI NVS region [mem 0xbfeff000-0xbfefffff] (4096 bytes)
Sep  8 10:23:00 cu-cs-vm kernel: [    0.491339] clocksource: jiffies: mask: 0xffffffff max_cycles: 0xffffffff, max_idle_ns: 7645041785100000 ns
Sep  8 10:23:00 cu-cs-vm kernel: [    0.492122] futex hash table entries: 32768 (order: 9, 2097152 bytes)
Sep  8 10:23:00 cu-cs-vm kernel: [    0.509286] pinctrl core: initialized pinctrl subsystem
Sep  8 10:23:00 cu-cs-vm kernel: [    0.512030] RTC time: 16:22:44, date: 09/08/18
Sep  8 10:23:00 cu-cs-vm kernel: [    0.514704] NET: Registered protocol family 16
Sep  8 10:23:00 cu-cs-vm kernel: [    0.516237] audit: initializing netlink subsys (disabled)
Sep  8 10:23:00 cu-cs-vm kernel: [    0.519616] audit: type=2000 audit(1536423762.516:1): state=initialized audit_enabled=0 res=1
Sep  8 10:23:00 cu-cs-vm kernel: [    0.524032] cpuidle: using governor ladder
Sep  8 10:23:00 cu-cs-vm kernel: [    0.525895] cpuidle: using governor menu
Sep  8 10:23:00 cu-cs-vm kernel: [    0.528082] Simple Boot Flag at 0x36 set to 0x80
Sep  8 10:23:00 cu-cs-vm kernel: [    0.530748] ACPI: bus type PCI registered
Sep  8 10:23:00 cu-cs-vm kernel: [    0.532000] acpiphp: ACPI Hot Plug PCI Controller Driver version: 0.5
Sep  8 10:23:00 cu-cs-vm kernel: [    0.533795] PCI: MMCONFIG for domain 0000 [bus 00-7f] at [mem 0xf0000000-0xf7ffffff] (base 0xf0000000)
Sep  8 10:23:00 cu-cs-vm kernel: [    0.536036] PCI: MMCONFIG at [mem 0xf0000000-0xf7ffffff] reserved in E820
Sep  8 10:23:00 cu-cs-vm kernel: [    0.538704] PCI: Using configuration type 1 for base access
Sep  8 10:23:00 cu-cs-vm kernel: [    0.548673] HugeTLB registered 1.00 GiB page size, pre-allocated 0 pages
Sep  8 10:23:00 cu-cs-vm kernel: [    0.552046] HugeTLB registered 2.00 MiB page size, pre-allocated 0 pages
Sep  8 10:23:00 cu-cs-vm kernel: [    0.556813] ACPI: Added _OSI(Module Device)
Sep  8 10:23:00 cu-cs-vm kernel: [    0.560096] ACPI: Added _OSI(Processor Device)
Sep  8 10:23:00 cu-cs-vm kernel: [    0.561803] ACPI: Added _OSI(3.0 _SCP Extensions)
Sep  8 10:23:00 cu-cs-vm kernel: [    0.563852] ACPI: Added _OSI(Processor Aggregator Device)
Sep  8 10:23:00 cu-cs-vm kernel: [    0.564051] ACPI: Added _OSI(Linux-Dell-Video)
Sep  8 10:23:00 cu-cs-vm kernel: [    0.573308] ACPI: [Firmware Bug]: BIOS _OSI(Linux) query ignored
Sep  8 10:23:00 cu-cs-vm kernel: [    0.615953] ACPI: Interpreter enabled
Sep  8 10:23:00 cu-cs-vm kernel: [    0.616000] ACPI: (supports S0 S1 S4 S5)
Sep  8 10:23:00 cu-cs-vm kernel: [    0.616000] ACPI: Using IOAPIC for interrupt routing
Sep  8 10:23:00 cu-cs-vm kernel: [    0.620056] PCI: Using host bridge windows from ACPI; if necessary, use "pci=nocrs" and report a bug
Sep  8 10:23:00 cu-cs-vm kernel: [    0.625698] ACPI: Enabled 4 GPEs in block 00 to 0F
Sep  8 10:23:00 cu-cs-vm kernel: [    0.836932] ACPI: PCI Root Bridge [PCI0] (domain 0000 [bus 00-7f])
Sep  8 10:23:00 cu-cs-vm kernel: [    0.839464] acpi PNP0A03:00: _OSC: OS supports [ExtendedConfig ASPM ClockPM Segments MSI]
Sep  8 10:23:00 cu-cs-vm kernel: [    0.840732] acpi PNP0A03:00: _OSC: platform does not support [AER]
Sep  8 10:23:00 cu-cs-vm kernel: [    0.843950] acpi PNP0A03:00: _OSC: OS now controls [PCIeHotplug PME PCIeCapability]
Sep  8 10:23:00 cu-cs-vm kernel: [    0.852000] PCI host bridge to bus 0000:00
Sep  8 10:23:00 cu-cs-vm kernel: [    0.856052] pci_bus 0000:00: root bus resource [mem 0x000a0000-0x000bffff window]
Sep  8 10:23:00 cu-cs-vm kernel: [    0.859059] pci_bus 0000:00: root bus resource [mem 0x000cc000-0x000cffff window]
Sep  8 10:23:00 cu-cs-vm kernel: [    0.860026] pci_bus 0000:00: root bus resource [mem 0x000d0000-0x000d3fff window]
Sep  8 10:23:00 cu-cs-vm kernel: [    0.862864] pci_bus 0000:00: root bus resource [mem 0x000d4000-0x000d7fff window]
Sep  8 10:23:00 cu-cs-vm kernel: [    0.868028] pci_bus 0000:00: root bus resource [mem 0x000d8000-0x000dbfff window]
Sep  8 10:23:00 cu-cs-vm kernel: [    0.871126] pci_bus 0000:00: root bus resource [mem 0xc0000000-0xfebfffff window]
Sep  8 10:23:00 cu-cs-vm kernel: [    0.872026] pci_bus 0000:00: root bus resource [io  0x0000-0x0cf7 window]
Sep  8 10:23:00 cu-cs-vm kernel: [    0.874584] pci_bus 0000:00: root bus resource [io  0x0d00-0xfeff window]
Sep  8 10:23:00 cu-cs-vm kernel: [    0.876080] pci_bus 0000:00: root bus resource [bus 00-7f]
Sep  8 10:23:00 cu-cs-vm kernel: [    0.878904] pci 0000:00:00.0: [8086:7190] type 00 class 0x060000
Sep  8 10:23:00 cu-cs-vm kernel: [    0.884905] pci 0000:00:01.0: [8086:7191] type 01 class 0x060400
Sep  8 10:23:00 cu-cs-vm kernel: [    0.888650] pci 0000:00:07.0: [8086:7110] type 00 class 0x060100
Sep  8 10:23:00 cu-cs-vm kernel: [    0.890854] pci 0000:00:07.1: [8086:7111] type 00 class 0x01018a
Sep  8 10:23:00 cu-cs-vm kernel: [    0.896664] pci 0000:00:07.1: reg 0x20: [io  0x1060-0x106f]
Sep  8 10:23:00 cu-cs-vm kernel: [    0.898917] pci 0000:00:07.1: legacy IDE quirk: reg 0x10: [io  0x01f0-0x01f7]
Sep  8 10:23:00 cu-cs-vm kernel: [    0.904027] pci 0000:00:07.1: legacy IDE quirk: reg 0x14: [io  0x03f6]
Sep  8 10:23:00 cu-cs-vm kernel: [    0.906424] pci 0000:00:07.1: legacy IDE quirk: reg 0x18: [io  0x0170-0x0177]
Sep  8 10:23:00 cu-cs-vm kernel: [    0.908026] pci 0000:00:07.1: legacy IDE quirk: reg 0x1c: [io  0x0376]
Sep  8 10:23:00 cu-cs-vm kernel: [    0.908297] pci 0000:00:07.3: [8086:7113] type 00 class 0x068000
Sep  8 10:23:00 cu-cs-vm kernel: [    0.918315] pci 0000:00:07.3: quirk: [io  0x1000-0x103f] claimed by PIIX4 ACPI
Sep  8 10:23:00 cu-cs-vm kernel: [    0.924118] pci 0000:00:07.3: quirk: [io  0x1040-0x104f] claimed by PIIX4 SMB
Sep  8 10:23:00 cu-cs-vm kernel: [    0.925456] pci 0000:00:07.7: [15ad:0740] type 00 class 0x088000
Sep  8 10:23:00 cu-cs-vm kernel: [    0.928000] pci 0000:00:07.7: reg 0x10: [io  0x1080-0x10bf]
Sep  8 10:23:00 cu-cs-vm kernel: [    0.932030] pci 0000:00:07.7: reg 0x14: [mem 0xfebfe000-0xfebfffff 64bit]
Sep  8 10:23:00 cu-cs-vm kernel: [    0.945895] pci 0000:00:0f.0: [15ad:0405] type 00 class 0x030000
Sep  8 10:23:00 cu-cs-vm kernel: [    0.951329] pci 0000:00:0f.0: reg 0x10: [io  0x1070-0x107f]
Sep  8 10:23:00 cu-cs-vm kernel: [    0.959169] pci 0000:00:0f.0: reg 0x14: [mem 0xe8000000-0xefffffff pref]
Sep  8 10:23:00 cu-cs-vm kernel: [    0.963276] pci 0000:00:0f.0: reg 0x18: [mem 0xfe000000-0xfe7fffff]
Sep  8 10:23:00 cu-cs-vm kernel: [    0.984075] pci 0000:00:0f.0: reg 0x30: [mem 0x00000000-0x00007fff pref]
Sep  8 10:23:00 cu-cs-vm kernel: [    0.987542] pci 0000:00:10.0: [1000:0030] type 00 class 0x010000
Sep  8 10:23:00 cu-cs-vm kernel: [    0.987734] pci 0000:00:10.0: reg 0x10: [io  0x1400-0x14ff]
Sep  8 10:23:00 cu-cs-vm kernel: [    0.988037] pci 0000:00:10.0: reg 0x14: [mem 0xfeba0000-0xfebbffff 64bit]
Sep  8 10:23:00 cu-cs-vm kernel: [    0.994243] pci 0000:00:10.0: reg 0x1c: [mem 0xfebc0000-0xfebdffff 64bit]
Sep  8 10:23:00 cu-cs-vm kernel: [    1.001875] pci 0000:00:10.0: reg 0x30: [mem 0x00000000-0x00003fff pref]
Sep  8 10:23:00 cu-cs-vm VGAuthService[804]: ** Message: SAML_Init: Using xmlsec1 1.2.20 for XML signature support
Sep  8 10:23:00 cu-cs-vm VGAuthService[804]: ** Message: ServiceNetworkCreateSocketDir: Created socket directory '/var/run/vmware'
Sep  8 10:23:00 cu-cs-vm VGAuthService[804]: ** Message: BEGIN SERVICE
Sep  8 10:23:00 cu-cs-vm kernel: [    1.006103] pci 0000:00:11.0: [15ad:0790] type 01 class 0x060401
Sep  8 10:23:00 cu-cs-vm kernel: [    1.012264] pci 0000:00:15.0: [15ad:07a0] type 01 class 0x060400
Sep  8 10:23:00 cu-cs-vm kernel: [    1.017212] pci 0000:00:15.0: PME# supported from D0 D3hot D3cold
Sep  8 10:23:00 cu-cs-vm kernel: [    1.020000] pci 0000:00:15.1: [15ad:07a0] type 01 class 0x060400
Sep  8 10:23:00 cu-cs-vm kernel: [    1.027500] pci 0000:00:15.1: PME# supported from D0 D3hot D3cold
Sep  8 10:23:00 cu-cs-vm kernel: [    1.029984] pci 0000:00:15.2: [15ad:07a0] type 01 class 0x060400
Sep  8 10:23:00 cu-cs-vm kernel: [    1.039319] pci 0000:00:15.2: PME# supported from D0 D3hot D3cold
Sep  8 10:23:00 cu-cs-vm kernel: [    1.039319] pci 0000:00:15.3: [15ad:07a0] type 01 class 0x060400
Sep  8 10:23:00 cu-cs-vm kernel: [    1.040000] pci 0000:00:15.3: PME# supported from D0 D3hot D3cold
Sep  8 10:23:00 cu-cs-vm kernel: [    1.046211] pci 0000:00:15.4: [15ad:07a0] type 01 class 0x060400
Sep  8 10:23:00 cu-cs-vm kernel: [    1.054541] pci 0000:00:15.4: PME# supported from D0 D3hot D3cold
Sep  8 10:23:00 cu-cs-vm kernel: [    1.057436] pci 0000:00:15.5: [15ad:07a0] type 01 class 0x060400
Sep  8 10:23:00 cu-cs-vm kernel: [    1.060000] pci 0000:00:15.5: PME# supported from D0 D3hot D3cold
Sep  8 10:23:00 cu-cs-vm kernel: [    1.064608] pci 0000:00:15.6: [15ad:07a0] type 01 class 0x060400
Sep  8 10:23:00 cu-cs-vm kernel: [    1.071372] pci 0000:00:15.6: PME# supported from D0 D3hot D3cold
Sep  8 10:23:00 cu-cs-vm kernel: [    1.074514] pci 0000:00:15.7: [15ad:07a0] type 01 class 0x060400
Sep  8 10:23:00 cu-cs-vm kernel: [    1.082592] pci 0000:00:15.7: PME# supported from D0 D3hot D3cold
Sep  8 10:23:00 cu-cs-vm kernel: [    1.082592] pci 0000:00:16.0: [15ad:07a0] type 01 class 0x060400
Sep  8 10:23:00 cu-cs-vm kernel: [    1.088974] pci 0000:00:16.0: PME# supported from D0 D3hot D3cold
Sep  8 10:23:00 cu-cs-vm kernel: [    1.091923] pci 0000:00:16.1: [15ad:07a0] type 01 class 0x060400
Sep  8 10:23:00 cu-cs-vm kernel: [    1.098584] pci 0000:00:16.1: PME# supported from D0 D3hot D3cold
Sep  8 10:23:00 cu-cs-vm kernel: [    1.101696] pci 0000:00:16.2: [15ad:07a0] type 01 class 0x060400
Sep  8 10:23:00 cu-cs-vm kernel: [    1.104000] pci 0000:00:16.2: PME# supported from D0 D3hot D3cold
Sep  8 10:23:00 cu-cs-vm kernel: [    1.104000] pci 0000:00:16.3: [15ad:07a0] type 01 class 0x060400
Sep  8 10:23:00 cu-cs-vm kernel: [    1.114609] pci 0000:00:16.3: PME# supported from D0 D3hot D3cold
Sep  8 10:23:00 cu-cs-vm kernel: [    1.118202] pci 0000:00:16.4: [15ad:07a0] type 01 class 0x060400
Sep  8 10:23:00 cu-cs-vm kernel: [    1.120530] pci 0000:00:16.4: PME# supported from D0 D3hot D3cold
Sep  8 10:23:00 cu-cs-vm kernel: [    1.122490] pci 0000:00:16.5: [15ad:07a0] type 01 class 0x060400
Sep  8 10:23:00 cu-cs-vm kernel: [    1.131130] pci 0000:00:16.5: PME# supported from D0 D3hot D3cold
Sep  8 10:23:00 cu-cs-vm kernel: [    1.132937] pci 0000:00:16.6: [15ad:07a0] type 01 class 0x060400
Sep  8 10:23:00 cu-cs-vm kernel: [    1.140031] pci 0000:00:16.6: PME# supported from D0 D3hot D3cold
Sep  8 10:23:00 cu-cs-vm kernel: [    1.142381] pci 0000:00:16.7: [15ad:07a0] type 01 class 0x060400
Sep  8 10:23:00 cu-cs-vm kernel: [    1.145816] pci 0000:00:16.7: PME# supported from D0 D3hot D3cold
Sep  8 10:23:00 cu-cs-vm kernel: [    1.147777] pci 0000:00:17.0: [15ad:07a0] type 01 class 0x060400
Sep  8 10:23:00 cu-cs-vm kernel: [    1.154700] pci 0000:00:17.0: PME# supported from D0 D3hot D3cold
Sep  8 10:23:00 cu-cs-vm kernel: [    1.157465] pci 0000:00:17.1: [15ad:07a0] type 01 class 0x060400
Sep  8 10:23:00 cu-cs-vm kernel: [    1.167738] pci 0000:00:17.1: PME# supported from D0 D3hot D3cold
Sep  8 10:23:00 cu-cs-vm kernel: [    1.168000] pci 0000:00:17.2: [15ad:07a0] type 01 class 0x060400
Sep  8 10:23:00 cu-cs-vm kernel: [    1.193280] pci 0000:00:17.2: PME# supported from D0 D3hot D3cold
Sep  8 10:23:00 cu-cs-vm kernel: [    1.196700] pci 0000:00:17.3: [15ad:07a0] type 01 class 0x060400
Sep  8 10:23:00 cu-cs-vm kernel: [    1.200000] pci 0000:00:17.3: PME# supported from D0 D3hot D3cold
Sep  8 10:23:00 cu-cs-vm kernel: [    1.206462] pci 0000:00:17.4: [15ad:07a0] type 01 class 0x060400
Sep  8 10:23:00 cu-cs-vm kernel: [    1.213406] pci 0000:00:17.4: PME# supported from D0 D3hot D3cold
Sep  8 10:23:00 cu-cs-vm kernel: [    1.215412] pci 0000:00:17.5: [15ad:07a0] type 01 class 0x060400
Sep  8 10:23:00 cu-cs-vm kernel: [    1.218539] pci 0000:00:17.5: PME# supported from D0 D3hot D3cold
Sep  8 10:23:00 cu-cs-vm kernel: [    1.220000] pci 0000:00:17.6: [15ad:07a0] type 01 class 0x060400
Sep  8 10:23:00 cu-cs-vm kernel: [    1.229307] pci 0000:00:17.6: PME# supported from D0 D3hot D3cold
Sep  8 10:23:00 cu-cs-vm kernel: [    1.231452] pci 0000:00:17.7: [15ad:07a0] type 01 class 0x060400
Sep  8 10:23:00 cu-cs-vm kernel: [    1.238143] pci 0000:00:17.7: PME# supported from D0 D3hot D3cold
Sep  8 10:23:00 cu-cs-vm kernel: [    1.240187] pci 0000:00:18.0: [15ad:07a0] type 01 class 0x060400
Sep  8 10:23:00 cu-cs-vm kernel: [    1.242758] pci 0000:00:18.0: PME# supported from D0 D3hot D3cold
Sep  8 10:23:00 cu-cs-vm kernel: [    1.244000] pci 0000:00:18.1: [15ad:07a0] type 01 class 0x060400
Sep  8 10:23:00 cu-cs-vm kernel: [    1.252474] pci 0000:00:18.1: PME# supported from D0 D3hot D3cold
Sep  8 10:23:00 cu-cs-vm kernel: [    1.254498] pci 0000:00:18.2: [15ad:07a0] type 01 class 0x060400
Sep  8 10:23:00 cu-cs-vm kernel: [    1.262346] pci 0000:00:18.2: PME# supported from D0 D3hot D3cold
Sep  8 10:23:00 cu-cs-vm kernel: [    1.262346] pci 0000:00:18.3: [15ad:07a0] type 01 class 0x060400
Sep  8 10:23:00 cu-cs-vm kernel: [    1.268474] pci 0000:00:18.3: PME# supported from D0 D3hot D3cold
Sep  8 10:23:00 cu-cs-vm kernel: [    1.270536] pci 0000:00:18.4: [15ad:07a0] type 01 class 0x060400
Sep  8 10:23:00 cu-cs-vm kernel: [    1.277213] pci 0000:00:18.4: PME# supported from D0 D3hot D3cold
Sep  8 10:23:00 cu-cs-vm kernel: [    1.279189] pci 0000:00:18.5: [15ad:07a0] type 01 class 0x060400
Sep  8 10:23:00 cu-cs-vm kernel: [    1.281620] pci 0000:00:18.5: PME# supported from D0 D3hot D3cold
Sep  8 10:23:00 cu-cs-vm kernel: [    1.283605] pci 0000:00:18.6: [15ad:07a0] type 01 class 0x060400
Sep  8 10:23:00 cu-cs-vm kernel: [    1.290917] pci 0000:00:18.6: PME# supported from D0 D3hot D3cold
Sep  8 10:23:00 cu-cs-vm kernel: [    1.292898] pci 0000:00:18.7: [15ad:07a0] type 01 class 0x060400
Sep  8 10:23:00 cu-cs-vm kernel: [    1.299412] pci 0000:00:18.7: PME# supported from D0 D3hot D3cold
Sep  8 10:23:00 cu-cs-vm kernel: [    1.300187] pci 0000:00:01.0: PCI bridge to [bus 01]
Sep  8 10:23:00 cu-cs-vm kernel: [    1.304000] acpiphp: Slot [32] registered
Sep  8 10:23:00 cu-cs-vm kernel: [    1.304000] acpiphp: Slot [33] registered
Sep  8 10:23:00 cu-cs-vm kernel: [    1.308193] acpiphp: Slot [34] registered
Sep  8 10:23:00 cu-cs-vm kernel: [    1.310146] acpiphp: Slot [35] registered
Sep  8 10:23:00 cu-cs-vm kernel: [    1.312030] acpiphp: Slot [36] registered
Sep  8 10:23:00 cu-cs-vm kernel: [    1.314100] acpiphp: Slot [37] registered
Sep  8 10:23:00 cu-cs-vm kernel: [    1.316103] acpiphp: Slot [38] registered
Sep  8 10:23:00 cu-cs-vm kernel: [    1.318039] acpiphp: Slot [39] registered
Sep  8 10:23:00 cu-cs-vm kernel: [    1.318039] acpiphp: Slot [40] registered
Sep  8 10:23:00 cu-cs-vm kernel: [    1.318342] acpiphp: Slot [41] registered
Sep  8 10:23:00 cu-cs-vm kernel: [    1.320000] acpiphp: Slot [42] registered
Sep  8 10:23:00 cu-cs-vm kernel: [    1.320000] acpiphp: Slot [43] registered
Sep  8 10:23:00 cu-cs-vm kernel: [    1.324186] acpiphp: Slot [44] registered
Sep  8 10:23:00 cu-cs-vm kernel: [    1.326338] acpiphp: Slot [45] registered
Sep  8 10:23:00 cu-cs-vm kernel: [    1.328186] acpiphp: Slot [46] registered
Sep  8 10:23:00 cu-cs-vm kernel: [    1.330161] acpiphp: Slot [47] registered
Sep  8 10:23:00 cu-cs-vm kernel: [    1.332198] acpiphp: Slot [48] registered
Sep  8 10:23:00 cu-cs-vm kernel: [    1.334354] acpiphp: Slot [49] registered
Sep  8 10:23:00 cu-cs-vm kernel: [    1.336369] acpiphp: Slot [50] registered
Sep  8 10:23:00 cu-cs-vm kernel: [    1.338368] acpiphp: Slot [51] registered
Sep  8 10:23:00 cu-cs-vm kernel: [    1.340300] acpiphp: Slot [52] registered
Sep  8 10:23:00 cu-cs-vm kernel: [    1.342507] acpiphp: Slot [53] registered
Sep  8 10:23:00 cu-cs-vm kernel: [    1.342507] acpiphp: Slot [54] registered
Sep  8 10:23:00 cu-cs-vm kernel: [    1.342703] acpiphp: Slot [55] registered
Sep  8 10:23:00 cu-cs-vm kernel: [    1.344000] acpiphp: Slot [56] registered
Sep  8 10:23:00 cu-cs-vm kernel: [    1.344000] acpiphp: Slot [57] registered
Sep  8 10:23:00 cu-cs-vm kernel: [    1.348284] acpiphp: Slot [58] registered
Sep  8 10:23:00 cu-cs-vm kernel: [    1.350409] acpiphp: Slot [59] registered
Sep  8 10:23:00 cu-cs-vm kernel: [    1.352187] acpiphp: Slot [60] registered
Sep  8 10:23:00 cu-cs-vm kernel: [    1.354891] acpiphp: Slot [61] registered
Sep  8 10:23:00 cu-cs-vm kernel: [    1.356359] acpiphp: Slot [62] registered
Sep  8 10:23:00 cu-cs-vm kernel: [    1.358443] acpiphp: Slot [63] registered
Sep  8 10:23:00 cu-cs-vm kernel: [    1.360599] pci 0000:02:00.0: [15ad:0774] type 00 class 0x0c0300
Sep  8 10:23:00 cu-cs-vm kernel: [    1.367913] pci 0000:02:00.0: reg 0x20: [io  0x2080-0x209f]
Sep  8 10:23:00 cu-cs-vm kernel: [    1.375139] pci 0000:02:01.0: [1274:1371] type 00 class 0x040100
Sep  8 10:23:00 cu-cs-vm kernel: [    1.376683] pci 0000:02:01.0: reg 0x10: [io  0x2000-0x203f]
Sep  8 10:23:00 cu-cs-vm kernel: [    1.388889] pci 0000:02:02.0: [8086:100f] type 00 class 0x020000
Sep  8 10:23:00 cu-cs-vm kernel: [    1.394574] pci 0000:02:02.0: reg 0x10: [mem 0xfd5c0000-0xfd5dffff 64bit]
Sep  8 10:23:00 cu-cs-vm kernel: [    1.395321] pci 0000:02:02.0: reg 0x18: [mem 0xfdff0000-0xfdffffff 64bit]
Sep  8 10:23:00 cu-cs-vm kernel: [    1.400037] pci 0000:02:02.0: reg 0x20: [io  0x2040-0x207f]
Sep  8 10:23:00 cu-cs-vm kernel: [    1.405920] pci 0000:02:02.0: reg 0x30: [mem 0x00000000-0x0000ffff pref]
Sep  8 10:23:00 cu-cs-vm kernel: [    1.408335] pci 0000:02:02.0: PME# supported from D0 D3hot D3cold
Sep  8 10:23:00 cu-cs-vm kernel: [    1.409706] pci 0000:02:03.0: [15ad:0770] type 00 class 0x0c0320
Sep  8 10:23:00 cu-cs-vm kernel: [    1.412034] pci 0000:02:03.0: reg 0x10: [mem 0xfd5ef000-0xfd5effff]
Sep  8 10:23:00 cu-cs-vm kernel: [    1.427946] pci 0000:02:05.0: [15ad:07e0] type 00 class 0x010601
Sep  8 10:23:00 cu-cs-vm kernel: [    1.437131] pci 0000:02:05.0: reg 0x24: [mem 0xfd5ee000-0xfd5eefff]
Sep  8 10:23:00 cu-cs-vm kernel: [    1.440115] pci 0000:02:05.0: reg 0x30: [mem 0x00000000-0x0000ffff pref]
Sep  8 10:23:00 cu-cs-vm kernel: [    1.446191] pci 0000:02:05.0: PME# supported from D3hot
Sep  8 10:23:00 cu-cs-vm kernel: [    1.449726] pci 0000:00:11.0: PCI bridge to [bus 02] (subtractive decode)
Sep  8 10:23:00 cu-cs-vm kernel: [    1.452193] pci 0000:00:11.0:   bridge window [io  0x2000-0x3fff]
Sep  8 10:23:00 cu-cs-vm kernel: [    1.452364] pci 0000:00:11.0:   bridge window [mem 0xfd500000-0xfdffffff]
Sep  8 10:23:00 cu-cs-vm kernel: [    1.452699] pci 0000:00:11.0:   bridge window [mem 0xe7b00000-0xe7ffffff 64bit pref]
Sep  8 10:23:00 cu-cs-vm kernel: [    1.452701] pci 0000:00:11.0:   bridge window [mem 0x000a0000-0x000bffff window] (subtractive decode)
Sep  8 10:23:00 cu-cs-vm kernel: [    1.452702] pci 0000:00:11.0:   bridge window [mem 0x000cc000-0x000cffff window] (subtractive decode)
Sep  8 10:23:00 cu-cs-vm kernel: [    1.452703] pci 0000:00:11.0:   bridge window [mem 0x000d0000-0x000d3fff window] (subtractive decode)
Sep  8 10:23:00 cu-cs-vm kernel: [    1.452704] pci 0000:00:11.0:   bridge window [mem 0x000d4000-0x000d7fff window] (subtractive decode)
Sep  8 10:23:00 cu-cs-vm kernel: [    1.452705] pci 0000:00:11.0:   bridge window [mem 0x000d8000-0x000dbfff window] (subtractive decode)
Sep  8 10:23:00 cu-cs-vm kernel: [    1.452706] pci 0000:00:11.0:   bridge window [mem 0xc0000000-0xfebfffff window] (subtractive decode)
Sep  8 10:23:00 cu-cs-vm kernel: [    1.452707] pci 0000:00:11.0:   bridge window [io  0x0000-0x0cf7 window] (subtractive decode)
Sep  8 10:23:00 cu-cs-vm kernel: [    1.452708] pci 0000:00:11.0:   bridge window [io  0x0d00-0xfeff window] (subtractive decode)
Sep  8 10:23:00 cu-cs-vm kernel: [    1.456284] pci 0000:00:15.0: PCI bridge to [bus 03]
Sep  8 10:23:00 cu-cs-vm kernel: [    1.460093] pci 0000:00:15.0:   bridge window [io  0x4000-0x4fff]
Sep  8 10:23:00 cu-cs-vm kernel: [    1.460683] pci 0000:00:15.0:   bridge window [mem 0xfd400000-0xfd4fffff]
Sep  8 10:23:00 cu-cs-vm kernel: [    1.461219] pci 0000:00:15.0:   bridge window [mem 0xe7a00000-0xe7afffff 64bit pref]
Sep  8 10:23:00 cu-cs-vm kernel: [    1.465583] pci 0000:00:15.1: PCI bridge to [bus 04]
Sep  8 10:23:00 cu-cs-vm kernel: [    1.468091] pci 0000:00:15.1:   bridge window [io  0x8000-0x8fff]
Sep  8 10:23:00 cu-cs-vm kernel: [    1.468265] pci 0000:00:15.1:   bridge window [mem 0xfd000000-0xfd0fffff]
Sep  8 10:23:00 cu-cs-vm kernel: [    1.468929] pci 0000:00:15.1:   bridge window [mem 0xe7600000-0xe76fffff 64bit pref]
Sep  8 10:23:00 cu-cs-vm kernel: [    1.477213] pci 0000:00:15.2: PCI bridge to [bus 05]
Sep  8 10:23:00 cu-cs-vm kernel: [    1.477213] pci 0000:00:15.2:   bridge window [io  0xc000-0xcfff]
Sep  8 10:23:00 cu-cs-vm kernel: [    1.477213] pci 0000:00:15.2:   bridge window [mem 0xfcc00000-0xfccfffff]
Sep  8 10:23:00 cu-cs-vm kernel: [    1.477213] pci 0000:00:15.2:   bridge window [mem 0xe7200000-0xe72fffff 64bit pref]
Sep  8 10:23:00 cu-cs-vm kernel: [    1.479284] pci 0000:00:15.3: PCI bridge to [bus 06]
Sep  8 10:23:00 cu-cs-vm kernel: [    1.480000] pci 0000:00:15.3:   bridge window [mem 0xfc800000-0xfc8fffff]
Sep  8 10:23:00 cu-cs-vm kernel: [    1.484064] pci 0000:00:15.3:   bridge window [mem 0xe6e00000-0xe6efffff 64bit pref]
Sep  8 10:23:00 cu-cs-vm kernel: [    1.487331] pci 0000:00:15.4: PCI bridge to [bus 07]
Sep  8 10:23:00 cu-cs-vm kernel: [    1.488643] pci 0000:00:15.4:   bridge window [mem 0xfc400000-0xfc4fffff]
Sep  8 10:23:00 cu-cs-vm kernel: [    1.489089] pci 0000:00:15.4:   bridge window [mem 0xe6a00000-0xe6afffff 64bit pref]
Sep  8 10:23:00 cu-cs-vm kernel: [    1.492120] pci 0000:00:15.5: PCI bridge to [bus 08]
Sep  8 10:23:00 cu-cs-vm kernel: [    1.494568] pci 0000:00:15.5:   bridge window [mem 0xfc000000-0xfc0fffff]
Sep  8 10:23:00 cu-cs-vm kernel: [    1.494909] pci 0000:00:15.5:   bridge window [mem 0xe6600000-0xe66fffff 64bit pref]
Sep  8 10:23:00 cu-cs-vm kernel: [    1.499305] pci 0000:00:15.6: PCI bridge to [bus 09]
Sep  8 10:23:00 cu-cs-vm kernel: [    1.500323] pci 0000:00:15.6:   bridge window [mem 0xfbc00000-0xfbcfffff]
Sep  8 10:23:00 cu-cs-vm kernel: [    1.500688] pci 0000:00:15.6:   bridge window [mem 0xe6200000-0xe62fffff 64bit pref]
Sep  8 10:23:00 cu-cs-vm kernel: [    1.503433] pci 0000:00:15.7: PCI bridge to [bus 0a]
Sep  8 10:23:00 cu-cs-vm kernel: [    1.504323] pci 0000:00:15.7:   bridge window [mem 0xfb800000-0xfb8fffff]
Sep  8 10:23:00 cu-cs-vm kernel: [    1.504697] pci 0000:00:15.7:   bridge window [mem 0xe5e00000-0xe5efffff 64bit pref]
Sep  8 10:23:00 cu-cs-vm kernel: [    1.508124] pci 0000:00:16.0: PCI bridge to [bus 0b]
Sep  8 10:23:00 cu-cs-vm kernel: [    1.512201] pci 0000:00:16.0:   bridge window [io  0x5000-0x5fff]
Sep  8 10:23:00 cu-cs-vm kernel: [    1.512375] pci 0000:00:16.0:   bridge window [mem 0xfd300000-0xfd3fffff]
Sep  8 10:23:00 cu-cs-vm kernel: [    1.512717] pci 0000:00:16.0:   bridge window [mem 0xe7900000-0xe79fffff 64bit pref]
Sep  8 10:23:00 cu-cs-vm kernel: [    1.515773] pci 0000:00:16.1: PCI bridge to [bus 0c]
Sep  8 10:23:00 cu-cs-vm kernel: [    1.516242] pci 0000:00:16.1:   bridge window [io  0x9000-0x9fff]
Sep  8 10:23:00 cu-cs-vm kernel: [    1.516533] pci 0000:00:16.1:   bridge window [mem 0xfcf00000-0xfcffffff]
Sep  8 10:23:00 cu-cs-vm kernel: [    1.516987] pci 0000:00:16.1:   bridge window [mem 0xe7500000-0xe75fffff 64bit pref]
Sep  8 10:23:00 cu-cs-vm kernel: [    1.519827] pci 0000:00:16.2: PCI bridge to [bus 0d]
Sep  8 10:23:00 cu-cs-vm kernel: [    1.524271] pci 0000:00:16.2:   bridge window [io  0xd000-0xdfff]
Sep  8 10:23:00 cu-cs-vm kernel: [    1.524459] pci 0000:00:16.2:   bridge window [mem 0xfcb00000-0xfcbfffff]
Sep  8 10:23:00 cu-cs-vm kernel: [    1.524795] pci 0000:00:16.2:   bridge window [mem 0xe7100000-0xe71fffff 64bit pref]
Sep  8 10:23:00 cu-cs-vm kernel: [    1.529398] pci 0000:00:16.3: PCI bridge to [bus 0e]
Sep  8 10:23:00 cu-cs-vm kernel: [    1.532284] pci 0000:00:16.3:   bridge window [mem 0xfc700000-0xfc7fffff]
Sep  8 10:23:00 cu-cs-vm kernel: [    1.532773] pci 0000:00:16.3:   bridge window [mem 0xe6d00000-0xe6dfffff 64bit pref]
Sep  8 10:23:00 cu-cs-vm kernel: [    1.532773] pci 0000:00:16.4: PCI bridge to [bus 0f]
Sep  8 10:23:00 cu-cs-vm kernel: [    1.535241] pci 0000:00:16.4:   bridge window [mem 0xfc300000-0xfc3fffff]
Sep  8 10:23:00 cu-cs-vm kernel: [    1.535756] pci 0000:00:16.4:   bridge window [mem 0xe6900000-0xe69fffff 64bit pref]
Sep  8 10:23:01 cu-cs-vm kernel: [    1.536000] pci 0000:00:16.5: PCI bridge to [bus 10]
Sep  8 10:23:01 cu-cs-vm kernel: [    1.540320] pci 0000:00:16.5:   bridge window [mem 0xfbf00000-0xfbffffff]
Sep  8 10:23:01 cu-cs-vm kernel: [    1.540696] pci 0000:00:16.5:   bridge window [mem 0xe6500000-0xe65fffff 64bit pref]
Sep  8 10:23:01 cu-cs-vm kernel: [    1.543140] pci 0000:00:16.6: PCI bridge to [bus 11]
Sep  8 10:23:01 cu-cs-vm kernel: [    1.548366] pci 0000:00:16.6:   bridge window [mem 0xfbb00000-0xfbbfffff]
Sep  8 10:23:01 cu-cs-vm kernel: [    1.548703] pci 0000:00:16.6:   bridge window [mem 0xe6100000-0xe61fffff 64bit pref]
Sep  8 10:23:01 cu-cs-vm kernel: [    1.551806] pci 0000:00:16.7: PCI bridge to [bus 12]
Sep  8 10:23:01 cu-cs-vm kernel: [    1.552395] pci 0000:00:16.7:   bridge window [mem 0xfb700000-0xfb7fffff]
Sep  8 10:23:01 cu-cs-vm kernel: [    1.552827] pci 0000:00:16.7:   bridge window [mem 0xe5d00000-0xe5dfffff 64bit pref]
Sep  8 10:23:01 cu-cs-vm kernel: [    1.555444] pci 0000:00:17.0: PCI bridge to [bus 13]
Sep  8 10:23:01 cu-cs-vm kernel: [    1.564160] pci 0000:00:17.0:   bridge window [io  0x6000-0x6fff]
Sep  8 10:23:01 cu-cs-vm kernel: [    1.564402] pci 0000:00:17.0:   bridge window [mem 0xfd200000-0xfd2fffff]
Sep  8 10:23:01 cu-cs-vm kernel: [    1.564746] pci 0000:00:17.0:   bridge window [mem 0xe7800000-0xe78fffff 64bit pref]
Sep  8 10:23:01 cu-cs-vm kernel: [    1.567912] pci 0000:00:17.1: PCI bridge to [bus 14]
Sep  8 10:23:01 cu-cs-vm kernel: [    1.568247] pci 0000:00:17.1:   bridge window [io  0xa000-0xafff]
Sep  8 10:23:01 cu-cs-vm kernel: [    1.568432] pci 0000:00:17.1:   bridge window [mem 0xfce00000-0xfcefffff]
Sep  8 10:23:01 cu-cs-vm kernel: [    1.568753] pci 0000:00:17.1:   bridge window [mem 0xe7400000-0xe74fffff 64bit pref]
Sep  8 10:23:01 cu-cs-vm kernel: [    1.571438] pci 0000:00:17.2: PCI bridge to [bus 15]
Sep  8 10:23:01 cu-cs-vm kernel: [    1.572247] pci 0000:00:17.2:   bridge window [io  0xe000-0xefff]
Sep  8 10:23:01 cu-cs-vm kernel: [    1.572410] pci 0000:00:17.2:   bridge window [mem 0xfca00000-0xfcafffff]
Sep  8 10:23:01 cu-cs-vm kernel: [    1.572735] pci 0000:00:17.2:   bridge window [mem 0xe7000000-0xe70fffff 64bit pref]
Sep  8 10:23:01 cu-cs-vm kernel: [    1.575507] pci 0000:00:17.3: PCI bridge to [bus 16]
Sep  8 10:23:01 cu-cs-vm kernel: [    1.580312] pci 0000:00:17.3:   bridge window [mem 0xfc600000-0xfc6fffff]
Sep  8 10:23:01 cu-cs-vm kernel: [    1.580642] pci 0000:00:17.3:   bridge window [mem 0xe6c00000-0xe6cfffff 64bit pref]
Sep  8 10:23:01 cu-cs-vm kernel: [    1.583620] pci 0000:00:17.4: PCI bridge to [bus 17]
Sep  8 10:23:01 cu-cs-vm kernel: [    1.584302] pci 0000:00:17.4:   bridge window [mem 0xfc200000-0xfc2fffff]
Sep  8 10:23:01 cu-cs-vm kernel: [    1.584622] pci 0000:00:17.4:   bridge window [mem 0xe6800000-0xe68fffff 64bit pref]
Sep  8 10:23:01 cu-cs-vm kernel: [    1.587591] pci 0000:00:17.5: PCI bridge to [bus 18]
Sep  8 10:23:01 cu-cs-vm kernel: [    1.588306] pci 0000:00:17.5:   bridge window [mem 0xfbe00000-0xfbefffff]
Sep  8 10:23:01 cu-cs-vm kernel: [    1.588629] pci 0000:00:17.5:   bridge window [mem 0xe6400000-0xe64fffff 64bit pref]
Sep  8 10:23:01 cu-cs-vm kernel: [    1.592791] pci 0000:00:17.6: PCI bridge to [bus 19]
Sep  8 10:23:01 cu-cs-vm kernel: [    1.595412] pci 0000:00:17.6:   bridge window [mem 0xfba00000-0xfbafffff]
Sep  8 10:23:01 cu-cs-vm kernel: [    1.595750] pci 0000:00:17.6:   bridge window [mem 0xe6000000-0xe60fffff 64bit pref]
Sep  8 10:23:01 cu-cs-vm kernel: [    1.598162] pci 0000:00:17.7: PCI bridge to [bus 1a]
Sep  8 10:23:01 cu-cs-vm kernel: [    1.600712] pci 0000:00:17.7:   bridge window [mem 0xfb600000-0xfb6fffff]
Sep  8 10:23:01 cu-cs-vm kernel: [    1.601110] pci 0000:00:17.7:   bridge window [mem 0xe5c00000-0xe5cfffff 64bit pref]
Sep  8 10:23:01 cu-cs-vm kernel: [    1.603849] pci 0000:00:18.0: PCI bridge to [bus 1b]
Sep  8 10:23:01 cu-cs-vm kernel: [    1.608161] pci 0000:00:18.0:   bridge window [io  0x7000-0x7fff]
Sep  8 10:23:01 cu-cs-vm kernel: [    1.608384] pci 0000:00:18.0:   bridge window [mem 0xfd100000-0xfd1fffff]
Sep  8 10:23:01 cu-cs-vm kernel: [    1.608717] pci 0000:00:18.0:   bridge window [mem 0xe7700000-0xe77fffff 64bit pref]
Sep  8 10:23:01 cu-cs-vm kernel: [    1.608717] pci 0000:00:18.1: PCI bridge to [bus 1c]
Sep  8 10:23:01 cu-cs-vm kernel: [    1.610536] pci 0000:00:18.1:   bridge window [io  0xb000-0xbfff]
Sep  8 10:23:01 cu-cs-vm kernel: [    1.610703] pci 0000:00:18.1:   bridge window [mem 0xfcd00000-0xfcdfffff]
Sep  8 10:23:01 cu-cs-vm kernel: [    1.611090] pci 0000:00:18.1:   bridge window [mem 0xe7300000-0xe73fffff 64bit pref]
Sep  8 10:23:01 cu-cs-vm kernel: [    1.612000] pci 0000:00:18.2: PCI bridge to [bus 1d]
Sep  8 10:23:01 cu-cs-vm kernel: [    1.612000] pci 0000:00:18.2:   bridge window [mem 0xfc900000-0xfc9fffff]
Sep  8 10:23:01 cu-cs-vm kernel: [    1.616346] pci 0000:00:18.2:   bridge window [mem 0xe6f00000-0xe6ffffff 64bit pref]
Sep  8 10:23:01 cu-cs-vm kernel: [    1.619500] pci 0000:00:18.3: PCI bridge to [bus 1e]
Sep  8 10:23:01 cu-cs-vm kernel: [    1.624316] pci 0000:00:18.3:   bridge window [mem 0xfc500000-0xfc5fffff]
Sep  8 10:23:01 cu-cs-vm kernel: [    1.624653] pci 0000:00:18.3:   bridge window [mem 0xe6b00000-0xe6bfffff 64bit pref]
Sep  8 10:23:01 cu-cs-vm kernel: [    1.627629] pci 0000:00:18.4: PCI bridge to [bus 1f]
Sep  8 10:23:01 cu-cs-vm kernel: [    1.628305] pci 0000:00:18.4:   bridge window [mem 0xfc100000-0xfc1fffff]
Sep  8 10:23:01 cu-cs-vm kernel: [    1.628716] pci 0000:00:18.4:   bridge window [mem 0xe6700000-0xe67fffff 64bit pref]
Sep  8 10:23:01 cu-cs-vm kernel: [    1.631546] pci 0000:00:18.5: PCI bridge to [bus 20]
Sep  8 10:23:01 cu-cs-vm kernel: [    1.632317] pci 0000:00:18.5:   bridge window [mem 0xfbd00000-0xfbdfffff]
Sep  8 10:23:01 cu-cs-vm kernel: [    1.632764] pci 0000:00:18.5:   bridge window [mem 0xe6300000-0xe63fffff 64bit pref]
Sep  8 10:23:01 cu-cs-vm kernel: [    1.635316] pci 0000:00:18.6: PCI bridge to [bus 21]
Sep  8 10:23:01 cu-cs-vm kernel: [    1.636311] pci 0000:00:18.6:   bridge window [mem 0xfb900000-0xfb9fffff]
Sep  8 10:23:01 cu-cs-vm kernel: [    1.636795] pci 0000:00:18.6:   bridge window [mem 0xe5f00000-0xe5ffffff 64bit pref]
Sep  8 10:23:01 cu-cs-vm kernel: [    1.639338] pci 0000:00:18.7: PCI bridge to [bus 22]
Sep  8 10:23:01 cu-cs-vm kernel: [    1.640310] pci 0000:00:18.7:   bridge window [mem 0xfb500000-0xfb5fffff]
Sep  8 10:23:01 cu-cs-vm kernel: [    1.640633] pci 0000:00:18.7:   bridge window [mem 0xe5b00000-0xe5bfffff 64bit pref]
Sep  8 10:23:01 cu-cs-vm kernel: [    1.658192] ACPI: PCI Interrupt Link [LNKA] (IRQs 3 4 5 6 7 *9 10 11 14 15)
Sep  8 10:23:01 cu-cs-vm kernel: [    1.660338] ACPI: PCI Interrupt Link [LNKB] (IRQs 3 4 5 6 7 9 10 *11 14 15)
Sep  8 10:23:01 cu-cs-vm kernel: [    1.664047] ACPI: PCI Interrupt Link [LNKC] (IRQs 3 4 5 6 7 9 *10 11 14 15)
Sep  8 10:23:01 cu-cs-vm kernel: [    1.667079] ACPI: PCI Interrupt Link [LNKD] (IRQs 3 4 5 6 *7 9 10 11 14 15)
Sep  8 10:23:01 cu-cs-vm kernel: [    1.709200] SCSI subsystem initialized
Sep  8 10:23:01 cu-cs-vm kernel: [    1.712251] libata version 3.00 loaded.
Sep  8 10:23:01 cu-cs-vm kernel: [    1.712251] pci 0000:00:0f.0: vgaarb: setting as boot VGA device
Sep  8 10:23:01 cu-cs-vm kernel: [    1.716000] pci 0000:00:0f.0: vgaarb: VGA device added: decodes=io+mem,owns=io+mem,locks=none
Sep  8 10:23:01 cu-cs-vm kernel: [    1.716037] pci 0000:00:0f.0: vgaarb: bridge control possible
Sep  8 10:23:01 cu-cs-vm kernel: [    1.718372] vgaarb: loaded
Sep  8 10:23:01 cu-cs-vm kernel: [    1.720054] ACPI: bus type USB registered
Sep  8 10:23:01 cu-cs-vm kernel: [    1.721939] usbcore: registered new interface driver usbfs
Sep  8 10:23:01 cu-cs-vm kernel: [    1.724000] usbcore: registered new interface driver hub
Sep  8 10:23:01 cu-cs-vm kernel: [    1.728317] usbcore: registered new device driver usb
Sep  8 10:23:01 cu-cs-vm kernel: [    1.730562] EDAC MC: Ver: 3.0.0
Sep  8 10:23:01 cu-cs-vm kernel: [    1.740375] PCI: Using ACPI for IRQ routing
Sep  8 10:23:01 cu-cs-vm kernel: [    1.982880] PCI: pci_cache_line_size set to 64 bytes
Sep  8 10:23:01 cu-cs-vm kernel: [    1.991703] e820: reserve RAM buffer [mem 0x0009e800-0x0009ffff]
Sep  8 10:23:01 cu-cs-vm kernel: [    1.991705] e820: reserve RAM buffer [mem 0xbfee0000-0xbfffffff]
Sep  8 10:23:01 cu-cs-vm kernel: [    1.992030] NetLabel: Initializing
Sep  8 10:23:01 cu-cs-vm kernel: [    1.992030] NetLabel:  domain hash size = 128
Sep  8 10:23:01 cu-cs-vm kernel: [    1.993869] NetLabel:  protocols = UNLABELED CIPSOv4 CALIPSO
Sep  8 10:23:01 cu-cs-vm kernel: [    1.996261] NetLabel:  unlabeled traffic allowed by default
Sep  8 10:23:01 cu-cs-vm kernel: [    2.002522] clocksource: Switched to clocksource refined-jiffies
Sep  8 10:23:01 cu-cs-vm kernel: [    2.072331] VFS: Disk quotas dquot_6.6.0
Sep  8 10:23:01 cu-cs-vm kernel: [    2.074513] VFS: Dquot-cache hash table entries: 512 (order 0, 4096 bytes)
Sep  8 10:23:01 cu-cs-vm kernel: [    2.077180] AppArmor: AppArmor Filesystem Enabled
Sep  8 10:23:01 cu-cs-vm kernel: [    2.079490] pnp: PnP ACPI init
Sep  8 10:23:01 cu-cs-vm kernel: [    2.080446] system 00:00: [io  0x1000-0x103f] has been reserved
Sep  8 10:23:01 cu-cs-vm kernel: [    2.082846] system 00:00: [io  0x1040-0x104f] has been reserved
Sep  8 10:23:01 cu-cs-vm kernel: [    2.084034] system 00:00: [io  0x0cf0-0x0cf1] has been reserved
Sep  8 10:23:01 cu-cs-vm kernel: [    2.086866] system 00:00: Plug and Play ACPI device, IDs PNP0c02 (active)
Sep  8 10:23:01 cu-cs-vm kernel: [    2.086967] pnp 00:01: Plug and Play ACPI device, IDs PNP0b00 (active)
Sep  8 10:23:01 cu-cs-vm kernel: [    2.086986] pnp 00:02: Plug and Play ACPI device, IDs PNP0303 (active)
Sep  8 10:23:01 cu-cs-vm kernel: [    2.087003] pnp 00:03: Plug and Play ACPI device, IDs PNP0f13 VMW0003 (active)
Sep  8 10:23:01 cu-cs-vm kernel: [    2.095471] system 00:04: [io  0xfce0-0xfcff] has been reserved
Sep  8 10:23:01 cu-cs-vm kernel: [    2.096039] system 00:04: [mem 0xf0000000-0xf7ffffff] has been reserved
Sep  8 10:23:01 cu-cs-vm kernel: [    2.098560] system 00:04: [mem 0xfe800000-0xfe9fffff] has been reserved
Sep  8 10:23:01 cu-cs-vm kernel: [    2.100043] system 00:04: Plug and Play ACPI device, IDs PNP0c02 (active)
Sep  8 10:23:01 cu-cs-vm kernel: [    2.121320] pnp: PnP ACPI: found 5 devices
Sep  8 10:23:01 cu-cs-vm kernel: [    2.131244] clocksource: acpi_pm: mask: 0xffffff max_cycles: 0xffffff, max_idle_ns: 2085701024 ns
Sep  8 10:23:01 cu-cs-vm kernel: [    2.132558] clocksource: Switched to clocksource acpi_pm
Sep  8 10:23:01 cu-cs-vm kernel: [    2.138582] pci 0000:00:15.3: bridge window [io  0x1000-0x0fff] to [bus 06] add_size 1000
Sep  8 10:23:01 cu-cs-vm kernel: [    2.139182] pci 0000:00:15.4: bridge window [io  0x1000-0x0fff] to [bus 07] add_size 1000
Sep  8 10:23:01 cu-cs-vm kernel: [    2.139669] pci 0000:00:15.5: bridge window [io  0x1000-0x0fff] to [bus 08] add_size 1000
Sep  8 10:23:01 cu-cs-vm kernel: [    2.140471] pci 0000:00:15.6: bridge window [io  0x1000-0x0fff] to [bus 09] add_size 1000
Sep  8 10:23:01 cu-cs-vm kernel: [    2.141121] pci 0000:00:15.7: bridge window [io  0x1000-0x0fff] to [bus 0a] add_size 1000
Sep  8 10:23:01 cu-cs-vm kernel: [    2.144440] pci 0000:00:16.3: bridge window [io  0x1000-0x0fff] to [bus 0e] add_size 1000
Sep  8 10:23:01 cu-cs-vm kernel: [    2.145051] pci 0000:00:16.4: bridge window [io  0x1000-0x0fff] to [bus 0f] add_size 1000
Sep  8 10:23:01 cu-cs-vm kernel: [    2.145535] pci 0000:00:16.5: bridge window [io  0x1000-0x0fff] to [bus 10] add_size 1000
Sep  8 10:23:01 cu-cs-vm kernel: [    2.146048] pci 0000:00:16.6: bridge window [io  0x1000-0x0fff] to [bus 11] add_size 1000
Sep  8 10:23:01 cu-cs-vm kernel: [    2.146532] pci 0000:00:16.7: bridge window [io  0x1000-0x0fff] to [bus 12] add_size 1000
Sep  8 10:23:01 cu-cs-vm kernel: [    2.149129] pci 0000:00:17.3: bridge window [io  0x1000-0x0fff] to [bus 16] add_size 1000
Sep  8 10:23:01 cu-cs-vm kernel: [    2.149611] pci 0000:00:17.4: bridge window [io  0x1000-0x0fff] to [bus 17] add_size 1000
Sep  8 10:23:01 cu-cs-vm kernel: [    2.150099] pci 0000:00:17.5: bridge window [io  0x1000-0x0fff] to [bus 18] add_size 1000
Sep  8 10:23:01 cu-cs-vm kernel: [    2.150581] pci 0000:00:17.6: bridge window [io  0x1000-0x0fff] to [bus 19] add_size 1000
Sep  8 10:23:01 cu-cs-vm kernel: [    2.151907] pci 0000:00:17.7: bridge window [io  0x1000-0x0fff] to [bus 1a] add_size 1000
Sep  8 10:23:01 cu-cs-vm kernel: [    2.153704] pci 0000:00:18.2: bridge window [io  0x1000-0x0fff] to [bus 1d] add_size 1000
Sep  8 10:23:01 cu-cs-vm kernel: [    2.154214] pci 0000:00:18.3: bridge window [io  0x1000-0x0fff] to [bus 1e] add_size 1000
Sep  8 10:23:01 cu-cs-vm kernel: [    2.154696] pci 0000:00:18.4: bridge window [io  0x1000-0x0fff] to [bus 1f] add_size 1000
Sep  8 10:23:01 cu-cs-vm kernel: [    2.155217] pci 0000:00:18.5: bridge window [io  0x1000-0x0fff] to [bus 20] add_size 1000
Sep  8 10:23:01 cu-cs-vm kernel: [    2.155699] pci 0000:00:18.6: bridge window [io  0x1000-0x0fff] to [bus 21] add_size 1000
Sep  8 10:23:01 cu-cs-vm kernel: [    2.157039] pci 0000:00:18.7: bridge window [io  0x1000-0x0fff] to [bus 22] add_size 1000
Sep  8 10:23:01 cu-cs-vm kernel: [    2.157091] pci 0000:00:0f.0: BAR 6: assigned [mem 0xc0000000-0xc0007fff pref]
Sep  8 10:23:01 cu-cs-vm kernel: [    2.162317] pci 0000:00:10.0: BAR 6: assigned [mem 0xc0008000-0xc000bfff pref]
Sep  8 10:23:01 cu-cs-vm kernel: [    2.165366] pci 0000:00:15.3: BAR 13: no space for [io  size 0x1000]
Sep  8 10:23:01 cu-cs-vm kernel: [    2.168634] pci 0000:00:15.3: BAR 13: failed to assign [io  size 0x1000]
Sep  8 10:23:01 cu-cs-vm kernel: [    2.171405] pci 0000:00:15.4: BAR 13: no space for [io  size 0x1000]
Sep  8 10:23:01 cu-cs-vm kernel: [    2.174218] pci 0000:00:15.4: BAR 13: failed to assign [io  size 0x1000]
Sep  8 10:23:01 cu-cs-vm kernel: [    2.177039] pci 0000:00:15.5: BAR 13: no space for [io  size 0x1000]
Sep  8 10:23:01 cu-cs-vm kernel: [    2.179691] pci 0000:00:15.5: BAR 13: failed to assign [io  size 0x1000]
Sep  8 10:23:01 cu-cs-vm kernel: [    2.183601] pci 0000:00:15.6: BAR 13: no space for [io  size 0x1000]
Sep  8 10:23:01 cu-cs-vm kernel: [    2.186422] pci 0000:00:15.6: BAR 13: failed to assign [io  size 0x1000]
Sep  8 10:23:01 cu-cs-vm kernel: [    2.189398] pci 0000:00:15.7: BAR 13: no space for [io  size 0x1000]
Sep  8 10:23:01 cu-cs-vm kernel: [    2.192339] pci 0000:00:15.7: BAR 13: failed to assign [io  size 0x1000]
Sep  8 10:23:01 cu-cs-vm kernel: [    2.196352] pci 0000:00:16.3: BAR 13: no space for [io  size 0x1000]
Sep  8 10:23:01 cu-cs-vm kernel: [    2.201446] pci 0000:00:16.3: BAR 13: failed to assign [io  size 0x1000]
Sep  8 10:23:01 cu-cs-vm kernel: [    2.204024] pci 0000:00:16.4: BAR 13: no space for [io  size 0x1000]
Sep  8 10:23:01 cu-cs-vm kernel: [    2.206780] pci 0000:00:16.4: BAR 13: failed to assign [io  size 0x1000]
Sep  8 10:23:01 cu-cs-vm kernel: [    2.209661] pci 0000:00:16.5: BAR 13: no space for [io  size 0x1000]
Sep  8 10:23:01 cu-cs-vm kernel: [    2.214041] pci 0000:00:16.5: BAR 13: failed to assign [io  size 0x1000]
Sep  8 10:23:01 cu-cs-vm kernel: [    2.217039] pci 0000:00:16.6: BAR 13: no space for [io  size 0x1000]
Sep  8 10:23:01 cu-cs-vm kernel: [    2.219665] pci 0000:00:16.6: BAR 13: failed to assign [io  size 0x1000]
Sep  8 10:23:01 cu-cs-vm kernel: [    2.223017] pci 0000:00:16.7: BAR 13: no space for [io  size 0x1000]
Sep  8 10:23:01 cu-cs-vm kernel: [    2.225890] pci 0000:00:16.7: BAR 13: failed to assign [io  size 0x1000]
Sep  8 10:23:01 cu-cs-vm kernel: [    2.229362] pci 0000:00:17.3: BAR 13: no space for [io  size 0x1000]
Sep  8 10:23:01 cu-cs-vm kernel: [    2.232074] pci 0000:00:17.3: BAR 13: failed to assign [io  size 0x1000]
Sep  8 10:23:01 cu-cs-vm kernel: [    2.234903] pci 0000:00:17.4: BAR 13: no space for [io  size 0x1000]
Sep  8 10:23:01 cu-cs-vm kernel: [    2.238252] pci 0000:00:17.4: BAR 13: failed to assign [io  size 0x1000]
Sep  8 10:23:01 cu-cs-vm kernel: [    2.241245] pci 0000:00:17.5: BAR 13: no space for [io  size 0x1000]
